# The configurations that used for the recording, feel free to edit them
config:

  # Specify a command to be executed
  # like `/bin/bash -l`, `ls`, or any other commands
  # the default is bash for Linux
  # or powershell.exe for Windows
  command: bash -l

  # Specify the current working directory path
  # the default is the current working directory path
  cwd: /home/schge01/Meetup

  # Export additional ENV variables
  env:
    recording: true

  # Explicitly set the number of columns
  # or use `auto` to take the current
  # number of columns of your shell
  cols: 140

  # Explicitly set the number of rows
  # or use `auto` to take the current
  # number of rows of your shell
  rows: 30

  # Amount of times to repeat GIF
  # If value is -1, play once
  # If value is 0, loop indefinitely
  # If value is a positive number, loop n times
  repeat: -1

  # Quality
  # 1 - 100
  quality: 100

  # Delay between frames in ms
  # If the value is `auto` use the actual recording delays
  frameDelay: auto

  # Maximum delay between frames in ms
  # Ignored if the `frameDelay` isn't set to `auto`
  # Set to `auto` to prevent limiting the max idle time
  maxIdleTime: auto

  # The surrounding frame box
  # The `type` can be null, window, floating, or solid`
  # To hide the title use the value null
  # Don't forget to add a backgroundColor style with a null as type
  frameBox:
    type: null
    title: null
    style:
      backgroundColor: black

  # Add a watermark image to the rendered gif
  # You need to specify an absolute path for
  # the image on your machine or a URL, and you can also
  # add your own CSS styles
  watermark:
    imagePath: null
    style:
      position: absolute
      right: 15px
      bottom: 15px
      width: 100px
      opacity: 0.9

  # Cursor style can be one of
  # `block`, `underline`, or `bar`
  cursorStyle: block

  # Font family
  # You can use any font that is installed on your machine
  # in CSS-like syntax
  fontFamily: 'Monospace, "Noto Color Emoji"'

  # The size of the font
  fontSize: 18

  # The height of lines
  lineHeight: 1

  # The spacing between letters
  letterSpacing: 0

  # Theme
  theme:
    background: "transparent"
    foreground: "#afafaf"
    cursor: "#c7c7c7"
    black: "#232628"
    red: "#fc4384"
    green: "#b3e33b"
    yellow: "#ffa727"
    blue: "#75dff2"
    magenta: "#ae89fe"
    cyan: "#708387"
    white: "#d5d5d0"
    brightBlack: "#626566"
    brightRed: "#ff7fac"
    brightGreen: "#c8ed71"
    brightYellow: "#ebdf86"
    brightBlue: "#75dff2"
    brightMagenta: "#ae89fe"
    brightCyan: "#b1c6ca"
    brightWhite: "#f9f9f4"

# Records, feel free to edit them
records:
  - delay: 0
    content: '$ metalctl machine console 00000000-0000-0000-0000-ac1f6b7aeb76 --ipmi'
  - delay: 4000
    content: "\r\n"
  - delay: 823
    content: "[SOL Session operational.  Use ~? for help]\r\n"
  - delay: 1190
    content: "\e[32mINFO\e[0m[09-21|12:44:46] wait for install timeout retrying...     \e[32mstatuscode\e[0m=304 \e[32mcaller\e[0m=wait.go:40\r\n"
  - delay: 4601
    content: "\e[36mDBUG\e[0m[09-21|12:44:51] lldp                                     \e[36mneigh\e[0m=\"Name:fra-equ01-leaf01 Desc:Cumulus Linux version 3.7.6 running on Accton AS7712-32X Chassis:Mac:b8:6a:97:74:00:3a Port:Mac:b8:6a:97:74:00:4c\" \e[36mcaller\e[0m=lldpclient.go:72\r\n\e[36mDBUG\e[0m[09-21|12:44:51] lldp                                     \e[36mneigh\e[0m=\"Name:fra-equ01-leaf02 Desc:Cumulus Linux version 3.7.6 running on Accton AS7712-32X Chassis:Mac:b8:6a:97:73:f8:3a Port:Mac:b8:6a:97:73:f8:4c\" \e[36mcaller\e[0m=lldpclient.go:72\r\n"
  - delay: 2118
    content: "\e[36mDBUG\e[0m[09-21|12:45:01] lldp                                     \e[36mneigh\e[0m=\"Name:fra-equ01-leaf02 Desc:Cumulus Linux version 3.7.6 running on Accton AS7712-32X Chassis:Mac:b8:6a:97:73:f8:3a"
  - delay: 16
    content: " Port:Mac:b8:6a:97:73:f8:4c\" \e[36mcaller\e[0m=lldpclient.go:72\r\n\e[36mDBUG\e[0m[09-21|12:45:01] lldp                                     \e[36mneigh\e[0m=\"Name:fra-equ01-leaf01 Desc:Cumulus Linux version 3"
  - delay: 95
    content: ".7.6 running on Accton AS7712-32X Chassis:Mac:b8:6a:97:74:00:3a Port:Mac:b8:6a:97:74:00:4c\" \e[36mcaller\e[0m=lldpclient.go:72\r\n"
  - delay: 2837
    content: "\e[32mINFO\e[0m[09-21|12:45:04] wait finished                            \e[32mstatuscode\e[0m=200 \e[32mresponse\e[0m=\"{\\n \\\"allocation\\\": {\\n  \\\"created\\\": \\\"2019-09-21T12:44:59.148Z\\\",\\n  \\\"description\\\": \\\"test\\\",\\n  \\\"hostname\\\": \\\"test-01\\\",\\n  \\\"image\\\": {\\n   \\\"changed\\\": \\\"2019-09-19T09:19:16.874Z\\\",\\n   \\\"created\\\": \\\"2019-08-26T14:18:51.412Z\\\",\\n   \\\"description\\\": \\\"Ubuntu 19.04\\\",\\n   \\\"features\\\": [\\n    \\\"machine\\\"\\n   ],\\n   \\\"id\\\": \\\"ubuntu-19.04\\\",\\n   \\\"name\\\": \\\"Ubuntu 19.04\\\",\\n   \\\"url\\\": \\\"http://192.168.2.1:9000/metal/images/os/ubuntu/19.04/img.tar.lz4\\\"\\n  },\\n  \\\"name\\\": \\\"test-01\\\",\\n  \\\"networks\\\": [\\n   {\\n    \\\"asn\\\": 4200056321,\\n    \\\"destinationprefixes\\\": [],\\n    \\\"ips\\\": [\\n     \\\"10.0.220.1\\\"\\n    ],\\n    \\\"nat\\\": false,\\n    \\\"networkid\\\": \\\"dc021f35-97dc-45a0-ac63-d3a6f3a5d0b1\\\",\\n    \\\"prefixes\\\": [\\n     \\\"10.0.220.0/22\\\"\\n    ],\\n    \\\"private\\\": true,\\n    \\\"underlay\\\": false,\\n    \\\"vrf\\\": 325\\n   }\\n  ],\\n  \\\"project\\\": \\\"9f105aa8-90a8-410b-9f7b-d"
  - delay: 10
    content: >-
      a5bb44b47d2\",\n  \"ssh_pub_keys\": [\n   \"ssh-rsa
      AAAAB3NzaC1yc2EAAAADAQABAAACAQCyrvgF8v6Cg8rxC4dbmgRabnXClAzQAnnInGH+kKgTbG31e9sYxOdTUU6dUu6/05DB1pABJ1qf01sjcBkcNjDeV0fZkHrf4Ygi0ftjL03GGTychVNl0bFX
  - delay: 17
    content: >-
      vMfd6o97G1bT0c3IBHMYjaYXKy2dwcSzKwcEhuwiUZHDVwI30srbCleKiDc1S8R3spvGXu0JhmBhUpd6sz6r5k0z3J8jdzeK7BVccpZhyloMZ9gNFkALrBi/sN4novXrNgPo9FQP1ISOAdycvKoGXh5wAVzWeJpRKaNwHDDg02iHBJ3lcc8f0F5oia9vDy5pdCqy+m9g
  - delay: 19
    content: >-
      pYVrBp6fZdKaTUsItyDj0rExWvD1w3KISkUZLTbUrJDJqsif7i+z3PC9Eygf/ls3kavwJKDMJSH5KrAivYLKm08+TlifGhKNvoqhPrTrHFFmrSFKG71U6bplL16hfZFsYU8VoJfRMoTC9mb4FCNF2ObxlAWlaA4TS5885osMxCN3yNsLaqbAaVNa3kHORApflU4sk6qx
  - delay: 16
    content: >-
      GlK/7PduldmhPUxYv7gSyBckJs+9WvDJGWeA14HzIpT267Ii5gT5s00vNO3SO8cWlPTlCcf72ocz1/zVRkOMPIpCvDuOnVLE7GohSRLoGY6bO/60GQ3ABaPIpN4xLo08Uib8BPCRl972xLB+ILzTYj3sIpe0ISzeh0mrhQ==
      gerrit.schwerthelm@x-cellent.co
  - delay: 19
    content: >-
      m\"\n  ],\n  \"succeeded\": false\n },\n \"changed\":
      \"2019-09-21T12:44:59.149Z\",\n \"created\":
      \"2019-08-26T14:19:32.808Z\",\n \"events\": {\n
      \"incomplete_provisioning_cycles\": \"0\",\n  \"last
  - delay: 15
    content: >-
      _event_time\": \"2019-09-21T12:44:32.812Z\",\n  \"log\": [\n   {\n
      \"event\": \"Waiting\",\n    \"message\": \"waiting for
      installation\",\n    \"time\": \"2019-09-21T07:12:40.601Z\"\n   },\n   {\n
  - delay: 18
    content: '    \"event\": \"Registering\",\n    \"message\": \"start registering\",\n    \"time\": \"2019-09-21T07:12:34.032Z\"\n   },\n   {\n    \"event\": \"Preparing\",\n    \"message\": \"starting metal-hamm'
  - delay: 17
    content: >-
      er\",\n    \"time\": \"2019-09-21T07:12:32.811Z\"\n   },\n   {\n
      \"event\": \"PXE Booting\",\n    \"message\": \"machine sent extended dhcp
      request\",\n    \"time\": \"2019-09-21T07:10:15.262Z\"\n
  - delay: 20
    content: '  },\n   {\n    \"event\": \"PXE Booting\",\n    \"message\": \"machine sent extended dhcp request\",\n    \"time\": \"2019-09-21T07:09:43.376Z\"\n   }\n  ]\n },\n \"hardware\": {\n  \"cpu_cores\": 16'
  - delay: 15
    content: >-
      ,\n  \"disks\": [\n   {\n    \"name\": \"nvme0n1\",\n    \"size\":
      800166076416\n   },\n   {\n    \"name\": \"nvme1n1\",\n    \"size\":
      800166076416\n   }\n  ],\n  \"memory\": 101635428352,\n  \"nics\
  - delay: 19
    content: >-
      ": [\n   {\n    \"mac\": \"ac:1f:6b:94:ca:70\",\n    \"name\":
      \"eth0\"\n   },\n   {\n    \"mac\": \"ac:1f:6b:94:ca:71\",\n    \"name\":
      \"eth1\"\n   },\n   {\n    \"mac\": \"ac:1f:6b:94:ca:72\",\n
  - delay: 18
    content: ' \"name\": \"eth2\"\n   },\n   {\n    \"mac\": \"ac:1f:6b:94:ca:73\",\n    \"name\": \"eth3\"\n   },\n   {\n    \"mac\": \"ac:1f:6b:7a:eb:76\",\n    \"name\": \"eth4\"\n   },\n   {\n    \"mac\": \"ac:'
  - delay: 16
    content: >-
      1f:6b:7a:eb:77\",\n    \"name\": \"eth5\"\n   },\n   {\n    \"mac\":
      \"00:00:00:00:00:00\",\n    \"name\": \"lo\"\n   }\n  ]\n },\n \"id\":
      \"00000000-0000-0000-0000-ac1f6b7aeb76\",\n \"ledstate\": {\
  - delay: 16
    content: >-
      n  \"description\": \"Machine registered\",\n  \"value\": \"LED-OFF\"\n
      },\n \"liveliness\": \"Alive\",\n \"partition\": {\n  \"bootconfig\":
      {\n   \"commandline\": \"console=ttyS1,115200n8 ip=dhcp ca
  - delay: 19
    content: >-
      rrier_timeout=10\",\n   \"imageurl\":
      \"https://blobstore.fi-ts.io/metal/images/metal-hammer/metal-hammer-initrd.img.lz4\",\n
      \"kernelurl\": \"https://blobstore.fi-ts.io/metal/images/metal-hammer/st
  - delay: 16
    content: >-
      able/metal-hammer-kernel\"\n  },\n  \"changed\":
      \"2019-09-19T09:19:16.934Z\",\n  \"created\":
      \"2019-08-26T14:18:51.479Z\",\n  \"description\": \"Metal Test environment
      in Frankfurt Equinix 01\",\n
  - delay: 18
    content: >-
      \"id\": \"fra-equ01\",\n  \"mgmtserviceaddress\":
      \"fra-equ01-mgmt-service:2222\",\n  \"name\": \"Frankfurt Equinix 01\",\n
      \"privatenetworkprefixlength\": 22\n },\n \"rackid\":
      \"fra-equ01-rack01\",
  - delay: 19
    content: >-
      \n \"size\": {\n  \"changed\": \"2019-09-19T09:19:17.047Z\",\n
      \"constraints\": [\n   {\n    \"max\": 24,\n    \"min\": 16,\n
      \"type\": \"cores\"\n   },\n   {\n    \"max\": 120000000000,\n    \"mi
  - delay: 15
    content: >-
      n\": 80000000000,\n    \"type\": \"memory\"\n   },\n   {\n    \"max\":
      4000000000000,\n    \"min\": 500000000000,\n    \"type\": \"storage\"\n
      }\n  ],\n  \"created\": \"2019-08-26T14:18:51.628Z\",\n
  - delay: 18
    content: '  \"description\": \"Compute for the very large masses\",\n  \"id\": \"c1-xlarge-x86\",\n  \"name\": \"c1-xlarge-x86\"\n },\n \"state\": {\n  \"description\": \"\",\n  \"value\": \"\"\n },\n \"tags\":'
  - delay: 17
    content: " [\\n  \\\"machine.metal-pod.io/network.primary.asn=4200056321\\\",\\n  \\\"machine.metal-pod.io/rack=fra-equ01-rack01\\\",\\n  \\\"machine.metal-pod.io/chassis=C217BAH31AG0535\\\"\\n ]\\n}\" \e[32mcaller\e[0m=wait.go:51"
  - delay: 18
    content: "\r\n\e[32mINFO\e[0m[09-21|12:45:04] stopped waiting got                      \e[32mmachine\e[0m=\"{Allocation:0xc00030a2d0 Changed:0xc0003ee630 Created:0xc0003ee640 Description: Events:0xc000576390 Hardware:"
  - delay: 17
    content: >-
      0xc0006f4000 ID:0xc0003ee8f0 Ledstate:0xc0003ee900 Liveliness:0xc0003ee930
      Name: Partition:0xc0000c4b40 Rackid:0xc0003ee970 Size:0xc000236320
      State:0xc0003ee9f0 Tags:[machine.metal-pod.io/network.prim
  - delay: 18
    content: "ary.asn=4200056321 machine.metal-pod.io/rack=fra-equ01-rack01 machine.metal-pod.io/chassis=C217BAH31AG0535]}\" \e[32mcaller\e[0m=wait.go:58\r\n\e[32mINFO\e[0m[09-21|12:45:04] getdisk                         "
  - delay: 17
    content: "         \e[32mimageID\e[0m=ubuntu-19.04 \e[32mcaller\e[0m=disk.go:206\r\n\e[32mINFO\e[0m[09-21|12:45:04] event                                    \e[32mevent\e[0m=0xc0003eebc0 \e[32mmessage\e[0m=\"start installat"
  - delay: 16
    content: "ion\" \e[32mcaller\e[0m=event.go:62\r\nPOST /machine/00000000-0000-0000-0000-ac1f6b7aeb76/event HTTP/1.1\r\r\nHost: 10.255.255.4:4242\r\r\nUser-Agent: Go-http-client/1.1\r\r\nContent-Length: 54\r\r\nAccept: applicatio"
  - delay: 19
    content: "n/json\r\r\nContent-Type: application/json\r\r\nAccept-Encoding: gzip\r\r\n\r\r\n{\"event\":\"Installing\",\"message\":\"start installation\"}\r\n\r\nHTTP/1.1 200 OK\r\r\nTransfer-Encoding: chunked\r\r\nDate: Sat, 21 Sep 2019 12:4"
  - delay: 17
    content: "5:04 GMT\r\r\n\r\r\n0\r\r\n\r\r\n\r\n\e[32mINFO\e[0m[09-21|12:45:04] partition disk                           \e[32mdisk\e[0m=\"{Device:/dev/nvme0n1 Partitions:[/dev/nvme0n1p1 /dev/nvme0n1p2 /dev/nvme0n1p3]}\" \e[32mcalle"
  - delay: 92
    content: "r\e[0m=sgdisk.go:17\r\nCreating new GPT entries.\r\n"
  - delay: 870
    content: "GPT data structures destroyed! You may now partition the disk using fdisk or\r\nother utilities.\r\n\e[32mINFO\e[0m[09-21|12:45:05] sgdisk create partitions                 \e[32mcommand\e[0m=\"[-n=1:0:300M -c=1:efi -t=1:ef00 -u=1:C12A7328-F81F-11D2-BA4B-00A0C93EC93B -n=2:0:5000M -c=2:root -t=2:8300 -n=3:0:0 -c=3:varlib -t=3:8300 /dev/nvme0n1]\" \e[32mcaller\e[0m=sgdisk.go:25\r\nCreating new GPT entries.\r\nSetting name!\r\npartNum is 0\r\nREALLY setting name!\r\nSetting name!\r\npartNum is 1\r\nREALLY setting name!\r\nSetting name!\r\npartNum is 2\r\nREALLY setting name!\r\n"
  - delay: 1019
    content: "The operation has completed successfully.\r\n\e[32mINFO\e[0m[09-21|12:45:06] mount                                    \e[32mdisk\e[0m=\"{Device:/dev/nvme0n1 Partitions:[/dev/nvme0n1p1 /dev/nvme0n1p2 /dev/nvme0n1p3]}\" \e[32mcaller\e[0m=mount.go:36\r\n\e[32mINFO\e[0m[09-21|12:45:06] create filesystem                        \e[32mdevice\e[0m=/dev/nvme0n1p2 \e[32mfilesystem\e[0m=ext4 \e[32mcaller\e[0m=mkfs.go:19\r\nmke2fs 1.43.4 (31-Jan-2017)\r\next2fs_check_if_mount: Can't check if filesystem is mounted due to missing mtab file while determining whether /dev/nvme0n1p2 is mounted.\r\nfs_types for mke2fs.conf resolution: 'ext4'\r\nDiscarding device blocks:    4096/1202944\b\b\b\b\b\b\b\b\b\b\b\b\b\b\b               \b\b\b\b\b\b\b\b\b\b\b\b\b\b\bdone                            \r\nFilesystem label=root\r\nOS type: Linux\r\nBlock size=4096 (log=2)\r\nFragment size=4096 (log=2)\r\nStride=0 blocks, Stripe width=0 blocks\r\n300736 inodes, 1202944 blocks\r\n60147 blocks (5.00%) reserved for the super user\r\nFirst data block=0\r\nMaximum filesystem blocks=1233125376\r\n37 block groups\r\n32768 blocks per group, 32768 fragments per group\r\n8128 inodes per group\r\nFilesystem UUID: 85974557-9beb-4400-a6a9-c1d65f301160\r\nSuperblock backups stored on blocks: \r\n\t32768, 98304, 163840, 229376, 294912, 819200, 884736\r\n\r\nAllocating group tables:  0/37\b\b\b\b\b     \b\b\b\b\bdone                            \r\nWriting inode tables:  0/37\b\b\b\b\b     \b\b\b\b\bdone                            \r\nCreat"
  - delay: 54
    content: "ing journal (16384 blocks): done\r\nWriting superblocks and filesystem accounting information:  0/37\b\b\b\b\b     \b\b\b\b\b"
  - delay: 176
    content: "done\r\n\r\n\e[32mINFO\e[0m[09-21|12:45:06] partition properties                     \e[32mdevice\e[0m=/dev/nvme0n1p2 \e[32mproperties\e[0m=\"map[DEVNAME:/dev/nvme0n1p2 LABEL:root PARTLABEL:root PARTUUID:9fdb5e9"
  - delay: 23
    content: "6-ca2f-4d48-8681[20086.141482] FAT-fs (nvme0n1p1): utf8 is not a recommended IO charset for FAT filesystems, filesystem will be case sensitive!\r\n-de25d948343f TYPE:ext4 UUID:85974557-9beb-4400-a6a9-c1"
  - delay: 11
    content: "d65f301160]\" \e[32mcaller\e[0m=mount.go:53\r\n\e[32mINFO\e[0m[09-21|12:45:06] mount                                    \e[32msource\e[0m=/dev/nvme0n1p2 \e[32mtarget\e[0m=/rootfs \e[32mfstype\e[0m=ext4 \e[32mcaller"
  - delay: 18
    content: "\e[0m=mount.go:65\r\n\e[32mINFO\e[0m[09-21|12:45:06] create filesystem                        \e[32mdevice\e[0m=/dev/nvme0n1p1 \e[32mfilesystem\e[0m=vfat \e[32mcaller\e[0m=mkfs.go:19\r\nmkfs.fat 4.1 (2017-01-24)\r\n"
  - delay: 16
    content: "/dev/nvme0n1p1 has 64 heads and 32 sectors per track,\r\nhidden sectors 0x0800;\r\nlogical sector size is 512,\r\nusing 0xf8 media descriptor, with 612353 sectors;\r\ndrive number 0x80;\r\nfilesystem has 2 32-b"
  - delay: 19
    content: "it FATs and 8 sectors per cluster.\r\nFAT size is 600 sectors, and provides 76390 clusters.\r\nThere are 32 reserved sectors.\r\nVolume ID is b52e82fe, volume label EFI        .\r\n\e[32mINFO\e[0m[09-21|12:45:0"
  - delay: 16
    content: "6] partition properties                     \e[32mdevice\e[0m=/dev/nvme0n1p1 \e[32mproperties\e[0m=\"map[DEVNAME:/dev/nvme0n1p1 LABEL:EFI PARTLABEL:efi PARTUUID:c12a7328-f81f-11d2-ba4b-00a0c93ec93b TYPE:vf"
  - delay: 20
    content: "at UUID:B52E-82FE]\" \e[32mcaller\e[0m=mount.go:53\r\n\e[32mINFO\e[0m[09-21|12:45:06] mount                                    \e[32msource\e[0m=/dev/nvme0n1p1 \e[32mtarget\e[0m=/rootfs/boot/efi \e[32mfstype\e[0m="
  - delay: 15
    content: "vfat \e[32mcaller\e[0m=mount.go:65\r\n\e[32mINFO\e[0m[09-21|12:45:06] create filesystem                        \e[32mdevice\e[0m=/dev/nvme0n1p3 \e[32mfilesystem\e[0m=ext4 \e[32mcaller\e[0m=mkfs.go:19\r\nmke2fs 1.43"
  - delay: 18
    content: ".4 (31-Jan-2017)\r\next2fs_check_if_mount: Can't check if filesystem is mounted due to missing mtab file while determining whether /dev/nvme0n1p3 is mounted.\r\nfs_types for mke2fs.conf resolution: 'ext4'"
  - delay: 31
    content: "\r\nDiscarding device blocks:      4096/194072785\b\b\b\b\b\b\b\b\b\b\b\b\b\b\b\b\b\b\b 19402752/194072785\b\b\b\b\b\b\b\b\b\b\b\b\b\b\b\b\b\b\b                   \b\b\b\b\b\b\b\b\b\b\b\b\b\b\b\b\b\b\bdone                            \r\nFilesystem label=varlib\r"
  - delay: 17
    content: "\nOS type: Linux\r\nBlock size=4096 (log=2)\r\nFragment size=4096 (log=2)\r\nStride=0 blocks, Stripe width=0 blocks\r\n48521216 inodes, 194072785 blocks\r\n9703639 blocks (5.00%) reserved for the super user\r\nFir"
  - delay: 17
    content: "st data block=0\r\nMaximum filesystem blocks=2342518784\r\n5923 block groups\r\n32768 blocks per group, 32768 fragments per group\r\n8192 inodes per group\r\nFilesystem UUID: 13c046bd-1077-4c64-b006-7efe6e1ea66"
  - delay: 18
    content: "2\r\nSuperblock backups stored on blocks: \r\n\t32768, 98304, 163840, 229376, 294912, 819200, 884736, 1605632, 2654208, \r\n\t4096000, 7962624, 11239424, 20480000, 23887872, 71663616, 78675968, \r\n\t102400000\r\n"
  - delay: 17
    content: "\r\nAllocating group tables:    0/5923\b\b\b\b\b\b\b\b\b         \b\b\b\b\b\b\b\b\bdone                            \r\nWriting inode tables:    0/5923\b\b\b\b\b\b\b\b\b         \b\b\b\b\b\b\b\b\bdone                            \r\nCreating jo"
  - delay: 95
    content: 'urnal (262144 blocks): '
  - delay: 837
    content: "done\r\nWriting superblocks and filesystem accounting information:    0/5923\b\b\b\b\b\b\b\b\b         \b\b\b\b\b\b\b\b\b"
  - delay: 3482
    content: "\e[36mDBUG\e[0m[09-21|12:45:11] lldp                                     \e[36mneigh\e[0m=\"Name:fra-equ01-leaf02 Desc:Cumulus Linux version 3.7.6 running on Accton AS7712-32X Chassis:Mac:b8:6a:97:73:f8:3a Port:Mac:b8:6a:97:73:f8:4c\" \e[36mcaller\e[0m=lldpclient.go:72\r\n\e[36mDBUG\e[0m[09-21|12:45:11] lldp                                     \e[36mneigh\e[0m=\"Name:fra-equ01-leaf01 Desc:Cumulus Linux version 3"
  - delay: 28
    content: ".7.6 running on Accton AS7712-32X Chassis:Mac:b8:6a:97:74:00:3a Port:Mac:b8:6a:97:74:00:4c\" \e[36mcaller\e[0m=lldpclient.go:72\r\n"
  - delay: 1610
    content: "done\r\n\r\n\e[32mINFO\e[0m[09-21|12:45:13] partition properties                     \e[32mdevice\e[0m=/dev/nvme0n1p3 \e[32mproperties\e[0m=\"map[DEVNAME:/dev/nvme0n1p3 LABEL:varlib PARTLABEL:varlib PARTUUID:3a483688-a43a-40bc-808d-f2f86ca6d9ec TYPE:ext4 UUID:13c046bd-1077-4c64-b006-7efe6e1ea662]\" \e[32mcaller\e[0m=mount.go:53\r\n\e[32mINFO\e[0m[09-21|12:45:13] mount                                    \e[32msource\e"
  - delay: 12
    content: "[0m=/dev/nvme0n1p3 \e[32mtarget\e[0m=/rootfs/var/lib \e[32mfstype\e[0m=ext4 \e[32mcaller\e[0m=mount.go:65\r\n\e[32mINFO\e[0m[09-21|12:45:13] pull image                               \e[32mimage\e[0m=http://192.16"
  - delay: 19
    content: "8.2.1:9000/metal/images/os/ubuntu/19.04/img.tar.lz4 \e[32mcaller\e[0m=image.go:22\r\n\e[32mINFO\e[0m[09-21|12:45:13] download                                 \e[32mfrom\e[0m=http://192.168.2.1:9000/metal/imag"
  - delay: 97
    content: "es/os/ubuntu/19.04/img.tar.lz4 \e[32mto\e[0m=/tmp/os.tgz \e[32mcaller\e[0m=image.go:130\r\n\r 0 B / 522.29 MiB [----------------------------------------------------]   0.00%"
  - delay: 100
    content: "\r 15.24 MiB / 522.29 MiB [>--------------------------]   2.92% 76.07 MiB/s 00m06s"
  - delay: 279
    content: "\r 30.88 MiB / 522.29 MiB [=>-------------------------]   5.91% 77.10 MiB/s 00m06s"
  - delay: 123
    content: "\r 46.48 MiB / 522.29 MiB [==>------------------------]   8.90% 77.37 MiB/s 00m05s"
  - delay: 197
    content: "\r 62.11 MiB / 522.29 MiB [===>-----------------------]  11.89% 77.55 MiB/s 00m05s"
  - delay: 296
    content: "\r 77.87 MiB / 522.29 MiB [====>----------------------]  14.91% 77.78 MiB/s 00m05s"
  - delay: 204
    content: "\r 93.56 MiB / 522.29 MiB [====>----------------------]  17.91% 77.89 MiB/s 00m05s"
  - delay: 101
    content: "\r 109.13 MiB / 522.29 MiB [=====>--------------------]  20.89% 77.87 MiB/s 00m05s"
  - delay: 308
    content: "\r 124.52 MiB / 522.29 MiB [======>-------------------]  23.84% 77.74 MiB/s 00m05s"
  - delay: 92
    content: "\r 139.84 MiB / 522.29 MiB [======>-------------------]  26.77% 77.61 MiB/s 00m04s"
  - delay: 215
    content: "\r 155.11 MiB / 522.29 MiB [=======>------------------]  29.70% 77.48 MiB/s 00m04s"
  - delay: 206
    content: "\r 170.42 MiB / 522.29 MiB [========>-----------------]  32.63% 77.39 MiB/s 00m04s"
  - delay: 179
    content: "\r 185.74 MiB / 522.29 MiB [=========>----------------]  35.56% 77.32 MiB/s 00m04s"
  - delay: 232
    content: "\r 201.08 MiB / 522.29 MiB [==========>---------------]  38.50% 77.26 MiB/s 00m04s"
  - delay: 202
    content: "\r 216.37 MiB / 522.29 MiB [==========>---------------]  41.43% 77.20 MiB/s 00m03s"
  - delay: 205
    content: "\r 231.57 MiB / 522.29 MiB [===========>--------------]  44.34% 77.12 MiB/s 00m03s"
  - delay: 182
    content: "\r 246.51 MiB / 522.29 MiB [============>-------------]  47.20% 76.96 MiB/s 00m03s"
  - delay: 228
    content: "\r 261.72 MiB / 522.29 MiB [=============>------------]  50.11% 76.91 MiB/s 00m03s"
  - delay: 203
    content: "\r 277.00 MiB / 522.29 MiB [=============>------------]  53.03% 76.87 MiB/s 00m03s"
  - delay: 205
    content: "\r 292.31 MiB / 522.29 MiB [==============>-----------]  55.97% 76.85 MiB/s 00m02s"
  - delay: 204
    content: "\r 307.70 MiB / 522.29 MiB [===============>----------]  58.91% 76.85 MiB/s 00m02s"
  - delay: 205
    content: "\r 322.90 MiB / 522.29 MiB [================>---------]  61.82% 76.81 MiB/s 00m02s"
  - delay: 204
    content: "\r 338.02 MiB / 522.29 MiB [================>---------]  64.72% 76.75 MiB/s 00m02s"
  - delay: 205
    content: "\r 353.37 MiB / 522.29 MiB [=================>--------]  67.66% 76.75 MiB/s 00m02s"
  - delay: 206
    content: "\r 368.64 MiB / 522.29 MiB [==================>-------]  70.58% 76.73 MiB/s 00m01s"
  - delay: 205
    content: "\r 383.87 MiB / 522.29 MiB [===================>------]  73.50% 76.70 MiB/s 00m01s"
  - delay: 204
    content: "\r 399.00 MiB / 522.29 MiB [===================>------]  76.39% 76.66 MiB/s 00m01s"
  - delay: 205
    content: "\r 414.02 MiB / 522.29 MiB [====================>-----]  79.27% 76.60 MiB/s 00m01s"
  - delay: 205
    content: "\r 429.26 MiB / 522.29 MiB [=====================>----]  82.19% 76.58 MiB/s 00m01s"
  - delay: 98
    content: "\r 444.36 MiB / 522.29 MiB [============================>----]  85.08% 76.54 MiB/s"
  - delay: 209
    content: "\r 459.62 MiB / 522.29 MiB [=============================>---]  88.00% 76.53 MiB/s"
  - delay: 191
    content: "\r 474.79 MiB / 522.29 MiB [=============================>---]  90.91% 76.51 MiB/s"
  - delay: 218
    content: "\r 490.05 MiB / 522.29 MiB [==============================>--]  93.83% 76.50 MiB/s"
  - delay: 206
    content: "\r 505.38 MiB / 522.29 MiB [===============================>-]  96.76% 76.50 MiB/s"
  - delay: 205
    content: "\r 520.45 MiB / 522.29 MiB [=================================]  99.65% 76.47 MiB/s\r 522.29 MiB / 522.29 MiB [==============================] 100.00% 76.45 MiB/s 6s\r\n\e[32mINFO\e[0m[09-21|12:45:20] download                                 \e[32mfrom\e[0m=http://192.168.2.1:9000/metal/images/os/ubuntu/19.04/img.tar.lz4.md5 \e[32mto\e[0m=/tmp/os"
  - delay: 6
    content: ".tgz.md5 \e[32mcaller\e[0m=image.go:130\r\n\r 0 B / 46 B [----------------------------------------------------------]   0.00%\r 46 B / 46 B [=========================================] 100.00% 530.92 KiB/s 0"
  - delay: 96
    content: "s\r\n\e[32mINFO\e[0m[09-21|12:45:20] check md5                                \e[32mcaller\e[0m=image.go:34\r\n"
  - delay: 1330
    content: "\e[32mINFO\e[0m[09-21|12:45:21] check md5                                \e[32msource md5\e[0m=96e5a043733c9abcc898db00bc5d260f \e[32mexpected md5\e[0m=96e5a043733c9abcc898db00bc5d260f \e[32mcaller\e[0m=image.go:119\r\n\e[32mINFO\e[0m[09-21|12:45:21] pull image done                          \e[32mimage\e[0m=http://192.168.2.1:9000/metal/images/os/ubuntu/19.04/img.tar.lz4 \e[32mcaller\e[0m=image.go:40\r\n\e[32mINFO\e[0m[09-21|12:45:21] burn image                               \e[32mimage\e[0m=http://192.168.2.1:9000/metal/images/os/ubuntu/19.04/img.tar.lz4 \e[32mcaller\e[0m=image.go:46\r\n\e[32mINFO\e[0m[09-21|12:45:21] l"
  - delay: 65
    content: "z4                                      \e[32msize\e[0m=0 \e[32mcaller\e[0m=image.go:66\r\n\r 0 B / 1.02 GiB    0.00%"
  - delay: 102
    content: "\r 72.00 MiB / 1.02 GiB [=>--------------------------]   6.89% 359.29 MiB/s 00m02s"
  - delay: 57
    content: "\e[36mDBUG\e[0m[09-21|12:45:21] lldp                                     \e[36mneigh\e[0m=\"Name:fra-equ01-leaf02 Desc:Cumulus Linux version 3.7.6 running on Accton AS7712-32X Chassis:Mac:b8:6a:97:73:f8:3a"
  - delay: 17
    content: " Port:Mac:b8:6a:97:73:f8:4c\" \e[36mcaller\e[0m=lldpclient.go:72\r\n\e[36mDBUG\e[0m[09-21|12:45:21] lldp                                     \e[36mneigh\e[0m=\"Name:fra-equ01-leaf01 Desc:Cumulus Linux version 3"
  - delay: 86
    content: ".7.6 running on Accton AS7712-32X Chassis:Mac:b8:6a:97:74:00:3a Port:Mac:b8:6a:97:74:00:4c\" \e[36mcaller\e[0m=lldpclient.go:72\r\n\r 128.00 MiB / 1.02 GiB [===>-----------------------]  12.25% 319.50 MiB/s"
  - delay: 99
    content: ' 00m01s'
  - delay: 186
    content: "\r 184.00 MiB / 1.02 GiB [====>----------------------]  17.61% 306.21 MiB"
  - delay: 14
    content: /s 00m02s
  - delay: 101
    content: "\r 248.00 MiB / 1.02 GiB [======>--------------------]  23.74% 30"
  - delay: 98
    content: 9.58 MiB/s 00m02s
  - delay: 100
    content: "\r 305.75 MiB / 1.02 GiB [=======>-------------------]  29.27% 30"
  - delay: 102
    content: 5.35 MiB/s 00m02s
  - delay: 99
    content: "\r 359.66 MiB / 1.02 GiB [=========>-----------------]  3"
  - delay: 100
    content: 4.43% 299.34 MiB/s 00m02s
  - delay: 101
    content: "\r 401.08 MiB / 1.02 GiB [==========>----------------]  3"
  - delay: 98
    content: 8.40% 286.13 MiB/s 00m02s
  - delay: 101
    content: "\r 444.00 MiB / 1.02 GiB [===========>---------------]  4"
  - delay: 100
    content: 2.50% 277.14 MiB/s 00m01s
  - delay: 214
    content: "\r 488.00 MiB / 1.02 GiB [============>--------------]  46.72% 270.76 MiB/s 00m01s"
  - delay: 85
    content: "\r 540.00 MiB / 1.02 GiB [=============>---------"
  - delay: 100
    content: '----]  51.70% 269.65 MiB/s 00m01s'
  - delay: 100
    content: "\r 588.00 MiB / 1.02 GiB [===============>-------"
  - delay: 100
    content: '----]  56.29% 266.92 MiB/s 00m01s'
  - delay: 101
    content: "\r 632.00 MiB / 1.02 GiB [==============="
  - delay: 99
    content: '=>----------]  60.50% 262.99 MiB/s 00m01s'
  - delay: 100
    content: "\r 672.00 MiB / 1.02 GiB [======="
  - delay: 100
    content: '==========>---------]  64.33% 258.12 MiB/s 00m01s'
  - delay: 100
    content: "\r 716.00 MiB / 1.02 GiB [======="
  - delay: 101
    content: '===========>--------]  68.54% 255.38 MiB/s 00m01s'
  - delay: 100
    content: "\r 760.00 MiB / 1.02 GiB [======="
  - delay: 144
    content: '=================>---------]  72.76% 253.00 MiB/s'
  - delay: 57
    content: "\r 806.48 MiB / 1.02 GiB [======="
  - delay: 100
    content: '===================>-------]  77.21% 251.69 MiB/s'
  - delay: 100
    content: "\r 849.04 MiB / 1.02 GiB [======="
  - delay: 100
    content: '====================>------]  81.28% 249.39 MiB/s'
  - delay: 99
    content: "\r 880.54 MiB / 1.02 GiB "
  - delay: 100
    content: '[============================>-----]  84.30% 244.27 MiB/s'
  - delay: 100
    content: "\r 929.31 MiB / 1"
  - delay: 100
    content: '.02 GiB [==============================>---]  88.96% 244.24 MiB/s'
  - delay: 100
    content: "\r 978.14 MiB / 1"
  - delay: 100
    content: '.02 GiB [===============================>--]  93.64% 244.21 MiB/s'
  - delay: 100
    content: "\r 1.00 GiB / 1.0"
  - delay: 101
    content: '2 GiB [====================================]  98.03% 243.49 MiB/s'
  - delay: 100
    content: "\r 1.06 GiB / 1.0"
  - delay: 100
    content: '2 GiB [====================================] 103.77% 246.04 MiB/s'
  - delay: 99
    content: "\r 1.11 G"
  - delay: 101
    content: 'iB / 1.02 GiB [====================================] 108.77% 246.67 MiB/s'
  - delay: 99
    content: "\r 1.13 G"
  - delay: 100
    content: 'iB / 1.02 GiB [====================================] 111.23% 241.74 MiB/s'
  - delay: 292
    content: "\r 1.16 GiB / 1.02 GiB [====================================] 113.73% 237.29 MiB/s\r 1.19 GiB / 1.02 GiB [=================================] 116.32% 234.31 MiB/s 5s\r\n\e[32mINFO\e[0m[09-21|12:45:26] burn took                                \e[32mduration\e[0m=5.185945648s \e[32mcaller\e[0m"
  - delay: 66
    content: "=image.go:93\r\n\e[32mINFO\e[0m[09-21|12:45:26] mount                                    \e[32msource\e[0m=proc \e[32mtarget\e[0m=/rootfs/proc \e[32mfstype\e[0m=proc \e[32mflags\e[0m=0 \e[32mdata\e[0m= \e[32mcaller\e"
  - delay: 19
    content: "[0m=mount.go:98\r\n\e[32mINFO\e[0m[09-21|12:45:26] mount                                    \e[32msource\e[0m=sys \e[32mtarget\e[0m=/rootfs/sys \e[32mfstype\e[0m=sysfs \e[32mflags\e[0m=0 \e[32mdata\e[0m= \e[32mcalle"
  - delay: 18
    content: "r\e[0m=mount.go:98\r\n\e[32mINFO\e[0m[09-21|12:45:26] mount                                    \e[32msource\e[0m=efivarfs \e[32mtarget\e[0m=/rootfs/sys/firmware/efi/efivars \e[32mfstype\e[0m=efivarfs \e[32mflags\e"
  - delay: 28
    content: "[0m=0 \e[32mdata\e[0m= \e[32mcaller\e[0m=mount.go:98\r\n\e[32mINFO\e[0m[09-21|12:45:26] mount                                    \e[32msource\e[0m=tmpfs \e[32mtarget\e[0m=/rootfs/tmp \e[32mfstype\e[0m=tmpfs \e[32mfl"
  - delay: 17
    content: "ags\e[0m=0 \e[32mdata\e[0m= \e[32mcaller\e[0m=mount.go:98\r\n\e[32mINFO\e[0m[09-21|12:45:26] mount                                    \e[32msource\e[0m=/dev \e[32mtarget\e[0m=/rootfs/dev \e[32mfstype\e[0m= \e[32mflag"
  - delay: 18
    content: "s\e[0m=4096 \e[32mdata\e[0m= \e[32mcaller\e[0m=mount.go:98\r\n\e[32mINFO\e[0m[09-21|12:45:26] install                                  \e[32mimage\e[0m=http://192.168.2.1:9000/metal/images/os/ubuntu/19.04/img.ta"
  - delay: 25
    content: "r.lz4 \e[32mcaller\e[0m=install.go:94\r\n\e[32mINFO\e[0m[09-21|12:45:26] write installation configuration         \e[32mcaller\e[0m=install.go:202\r\n\e[32mINFO\e[0m[09-21|12:45:26] running /install.sh on        "
  - delay: 9
    content: "           \e[32mprefix\e[0m=/rootfs \e[32mcaller\e[0m=install.go:111\r\nUUID=\"85974557-9beb-4400-a6a9-c1d65f301160\" / ext4 defaults 0 1\r\nUUID=\"13c046bd-1077-4c64-b006-7efe6e1ea662\" /var/lib ext4 defaults 0"
  - delay: 17
    content: " 1\r\nUUID=\"B52E-82FE\" /boot/efi vfat defaults 0 2\r\ntmpfs /tmp tmpfs defaults,noatime,nosuid,nodev,noexec,mode=1777,size=512M 0 0\r\ncreating user 'metal'\r\nset password for metal to 8VhHQ2asGpyVHHGQ expir"
  - delay: 18
    content: "es after 1 day.\r\nNew password: Retype new password: passwd: password updated successfully\r\n{\"level\":\"info\",\"time\":\"2019-09-21T14:45:26.875+0200\",\"caller\":\"cmd/root.go:73\",\"message\":\"running app versio"
  - delay: 17
    content: "n: devel (efeb2092), tags/stable-0-gefeb209, 2019-09-18T13:58:16Z\"}\r\n{\"level\":\"info\",\"time\":\"2019-09-21T14:45:26.875+0200\",\"caller\":\"netconf/knowledgebase.go:76\",\"message\":\"loading: /etc/metal/install"
  - delay: 18
    content: ".yaml\"}\r\n{\"level\":\"info\",\"time\":\"2019-09-21T14:45:26.875+0200\",\"caller\":\"netconf/configurator.go:139\",\"message\":\"rendering interfaces.machine.tpl to /etc/network/interfaces (mode: %!u(os.FileMode=384)"
  - delay: 17
    content: "i)\"}\r\n{\"level\":\"info\",\"time\":\"2019-09-21T14:45:26.876+0200\",\"caller\":\"netconf/interfaces.go:82\",\"message\":\"running 'ifup --syntax-check --all --interfaces /etc/metal/networker/interfaces_333931137 to "
  - delay: 97
    content: "validate changes.'\"}\r\n"
  - delay: 225
    content: "{\"level\":\"info\",\"time\":\"2019-09-21T14:45:27.250+0200\",\"caller\":\"netconf/configurator.go:139\",\"message\":\"rendering hosts.tpl to /etc/hosts (mode: %!u(os.FileMode=384)i)\"}\r\n{\"level\":\"info\",\"time\":\"2019-09-21T14:45:27.251+0200\",\"caller\":\"netconf/configurator.go:139\",\"message\":\"rendering hostname.tpl to /etc/hostname (mode: %!u(os.FileMode=420)i)\"}\r\n{\"level\":\"info\",\"time\":\"2019-09-21T14:45:27.251+0200\",\"caller\":\"netconf/configurator.go:139\",\"message\":\"rendering frr.machine.tpl to /etc/frr/frr.conf (mode: %!u(os.FileMode=384)i)\"}\r\n{\"level\":\"info\",\"time\":\"2019-09-21T14:45:27.251+0200\",\"caller\":\"netc"
  - delay: 53
    content: "onf/frr.go:87\",\"message\":\"running 'vtysh --dryrun --inputfile /etc/metal/networker/frr_236382206' to validate changes.'\"}\r\n{\"level\":\"info\",\"time\":\"2019-09-21T14:45:27.354+0200\",\"caller\":\"netconf/confi"
  - delay: 18
    content: "gurator.go:139\",\"message\":\"rendering systemd.link.tpl to /etc/systemd/network/10-lan0.link (mode: %!u(os.FileMode=420)i)\"}\r\n{\"level\":\"info\",\"time\":\"2019-09-21T14:45:27.354+0200\",\"caller\":\"netconf/syst"
  - delay: 17
    content: "emd.go:80\",\"message\":\"Skipping validation since there is no known way to validate (.network|.link) files in advance.\"}\r\n{\"level\":\"info\",\"time\":\"2019-09-21T14:45:27.354+0200\",\"caller\":\"netconf/configur"
  - delay: 17
    content: "ator.go:139\",\"message\":\"rendering systemd.network.tpl to /etc/systemd/network/10-lan0.network (mode: %!u(os.FileMode=420)i)\"}\r\n{\"level\":\"info\",\"time\":\"2019-09-21T14:45:27.354+0200\",\"caller\":\"netconf/s"
  - delay: 17
    content: "ystemd.go:80\",\"message\":\"Skipping validation since there is no known way to validate (.network|.link) files in advance.\"}\r\n{\"level\":\"info\",\"time\":\"2019-09-21T14:45:27.354+0200\",\"caller\":\"netconf/confi"
  - delay: 19
    content: "gurator.go:139\",\"message\":\"rendering systemd.link.tpl to /etc/systemd/network/20-lan1.link (mode: %!u(os.FileMode=420)i)\"}\r\n{\"level\":\"info\",\"time\":\"2019-09-21T14:45:27.354+0200\",\"caller\":\"netconf/syst"
  - delay: 16
    content: "emd.go:80\",\"message\":\"Skipping validation since there is no known way to validate (.network|.link) files in advance.\"}\r\n{\"level\":\"info\",\"time\":\"2019-09-21T14:45:27.354+0200\",\"caller\":\"netconf/configur"
  - delay: 18
    content: "ator.go:139\",\"message\":\"rendering systemd.network.tpl to /etc/systemd/network/20-lan1.network (mode: %!u(os.FileMode=420)i)\"}\r\n{\"level\":\"info\",\"time\":\"2019-09-21T14:45:27.354+0200\",\"caller\":\"netconf/s"
  - delay: 17
    content: "ystemd.go:80\",\"message\":\"Skipping validation since there is no known way to validate (.network|.link) files in advance.\"}\r\n{\"level\":\"info\",\"time\":\"2019-09-21T14:45:27.354+0200\",\"caller\":\"cmd/root.go:8"
  - delay: 99
    content: "5\",\"message\":\"completed. Exiting..\"}\r\nSystem was booted with UEFI\r\nInstalling for x86_64-efi platform.\r\n"
  - delay: 1547
    content: "Installation finished. No error reported.\r\n"
  - delay: 206
    content: "Sourcing file `/etc/default/grub'\r\nSourcing file `/etc/default/grub.d/init-select.cfg'\r\nGenerating grub configuration file ...\r\nFound linux image: /boot"
  - delay: 48
    content: "/vmlinuz-5.0.0-29-generic\r\nFound initrd image: /boot/initrd.img-5.0.0-29-generic\r\n"
  - delay: 298
    content: "Adding boot menu entry for EFI firmware configuration\r\ndone\r\n"
  - delay: 83
    content: "no userdata present\r\nwrite boot-info.yaml\r\n\e[32mINFO\e[0m[09-21|12:45:29] finish running /install.sh               \e[32mcaller\e[0m=install.go:135\r\n\e[32mINFO\e[0m[09-21|12:45:29] unmounting              "
  - delay: 17
    content: "                 \e[32mmountpoint\e[0m=/rootfs/dev \e[32mcaller\e[0m=mount.go:113\r\n\e[32mINFO\e[0m[09-21|12:45:29] unmounting                               \e[32mmountpoint\e[0m=/rootfs/tmp \e[32mcaller\e[0m=mo"
  - delay: 19
    content: "unt.go:113\r\n\e[32mINFO\e[0m[09-21|12:45:29] unmounting                               \e[32mmountpoint\e[0m=/rootfs/sys/firmware/efi/efivars \e[32mcaller\e[0m=mount.go:113\r\n\e[32mINFO\e[0m[09-21|12:45:29] unmo"
  - delay: 16
    content: "unting                               \e[32mmountpoint\e[0m=/rootfs/sys \e[32mcaller\e[0m=mount.go:113\r\n\e[32mINFO\e[0m[09-21|12:45:29] unmounting                               \e[32mmountpoint\e[0m=/rootfs/pr"
  - delay: 18
    content: "oc \e[32mcaller\e[0m=mount.go:113\r\n\e[32mINFO\e[0m[09-21|12:45:29] unmounting                               \e[32mmountpoint\e[0m=/rootfs/var/lib \e[32mcaller\e[0m=mount.go:113\r\n\e[32mINFO\e[0m[09-21|12:45:29] "
  - delay: 16
    content: "unmounting                               \e[32mmountpoint\e[0m=/rootfs/boot/efi \e[32mcaller\e[0m=mount.go:113\r\n\e[32mINFO\e[0m[09-21|12:45:29] unmounting                               \e[32mmountpoint\e[0m=/"
  - delay: 101
    content: "rootfs \e[32mcaller\e[0m=mount.go:113\r\n"
  - delay: 202
    content: "POST /machine/report/00000000-0000-0000-0000-ac1f6b7aeb76 HTTP/1.1\r\r\nHost: 10.255.255.4:4242\r\r\nUser-Agent: Go-http-client/1.1\r\r\nContent-Length: 70\r\r\nAccept: application/json\r\r\nContent-Type: applicatio"
  - delay: 46
    content: "n/json\r\r\nAccept-Encoding: gzip\r\r\n\r\r\n{\"console_password\":\"8VhHQ2asGpyVHHGQ\",\"message\":null,\"success\":true}\r\n\r\n"
  - delay: 187
    content: "HTTP/1.1 200 OK\r\r\nTransfer-Encoding: chunked\r\r\nDate: Sat, 21 Sep 2019 12:45:30 GMT\r\r\n\r\r\n0\r\r\n\r\r\n\r\n\e[32mINFO\e[0m[09-21|12:45:30] report image installation was successful \e[32mresponse\e[0m=\"&{Allocation:"
  - delay: 23
    content: "<nil> Changed:<nil> Created:<nil> Description: Events:<nil> Hardware:<nil> ID:<nil> Ledstate:<nil> Liveliness:<nil> Name: Partition:<nil> Rackid:<nil> Size:<nil> State:<nil> Tags:[]}\" \e[32mcaller\e[0m="
  - delay: 13
    content: "report.go:38\r\n\e[32mINFO\e[0m[09-21|12:45:30] installation                             \e[32mtook\e[0m=25.838962393s \e[32mcaller\e[0m=root.go:221\r\n\e[32mINFO\e[0m[09-21|12:45:30] event                       "
  - delay: 12
    content: "             \e[32mevent\e[0m=0xc000033370 \e[32mmessage\e[0m=\"booting into distro kernel\" \e[32mcaller\e[0m=event.go:62\r\nPOST /machine/00000000-0000-0000-0000-ac1f6b7aeb76/event HTTP/1.1\r\r\nHost: 10.255.255"
  - delay: 17
    content: ".4:4242\r\r\nUser-Agent: Go-http-client/1.1\r\r\nContent-Length: 70\r\r\nAccept: application/json\r\r\nContent-Type: application/json\r\r\nAccept-Encoding: gzip\r\r\n\r\r\n{\"event\":\"Booting New Kernel\",\"message\":\"booting "
  - delay: 99
    content: "into distro kernel\"}\r\n\r\nHTTP/1.1 200 OK\r\r\nTransfer-Encoding: chunked\r\r\nDate: Sat, 21 Sep 2019 12:45:30 GMT\r\r\n\r\r\n0\r\r\n\r\r\n\r\n"
  - delay: 1467
    content: "\e[36mDBUG\e[0m[09-21|12:45:32] lldp                                     \e[36mneigh\e[0m=\"Name:fra-equ01-leaf01 Desc:Cumulus Linux version 3.7.6 running on Accton AS7712-32X Chassis:Mac:b8:6a:97:74:00:3a"
  - delay: 19
    content: " Port:Mac:b8:6a:97:74:00:4c\" \e[36mcaller\e[0m=lldpclient.go:72\r\n\e[36mDBUG\e[0m[09-21|12:45:32] lldp                                     \e[36mneigh\e[0m=\"Name:fra-equ01-leaf02 Desc:Cumulus Linux version 3"
  - delay: 96
    content: ".7.6 running on Accton AS7712-32X Chassis:Mac:b8:6a:97:73:f8:3a Port:Mac:b8:6a:97:73:f8:4c\" \e[36mcaller\e[0m=lldpclient.go:72\r\n"
  - delay: 685
    content: "\e[32mINFO\e[0m[09-21|12:45:32] event                                    \e[32mevent\e[0m=0xc000033630 \e[32mmessage\e[0m=\"still alive at: 2019-09-21 12:45:32.805114624 +0000 UTC m=+19980.030240052\" \e[32mca"
  - delay: 6
    content: "ller\e[0m=event.go:62\r\nPOST /machine/00000000-0000-0000-0000-ac1f6b7aeb76/event HTTP/1.1\r\r\nHost: 10.255.255.4:4242\r\r\nUser-Agent: Go-http-client/1.1\r\r\nContent-Length: 105\r\r\nAccept: application/json\r\r\nCo"
  - delay: 97
    content: "ntent-Type: application/json\r\r\nAccept-Encoding: gzip\r\r\n\r\r\n{\"event\":\"Alive\",\"message\":\"still alive at: 2019-09-21 12:45:32.805114624 +0000 UTC m=+19980.030240052\"}\r\n\r\n"
  - delay: 717
    content: "[20112.792054] kexec_core: Starting new kernel\r\n"
  - delay: 1637
    content: "[    0.000000] microcode: microcode updated early to revision 0x200005e, date = 2019-04-02\r\n[    0.000000] Linux version 5.0.0-29-generic (buildd@lcy01-amd64-030) (gcc version 8.3.0 (Ubuntu 8.3.0-6ubuntu1)) #31-Ubuntu SMP Thu Sep 12 13:05:32 UTC 2019 (Ubuntu 5.0.0-29.31-generic 5.0.21)\r\n[    0.000000] Command line: console=ttyS1,115200n8 root=UUID=85974557-9beb-4400-a6a9-c1d65f301160 init=/bin/sys"
  - delay: 18
    content: "temd net.ifnames=0 biosdevname=0 acpi_rsdp=0x5ed9f000\r\n[    0.000000] KERNEL supported cpus:\r\n[    0.000000]   Intel GenuineIntel\r\n[    0.000000]   AMD AuthenticAMD\r\n[    0.000000]   Hygon HygonGenuin"
  - delay: 18
    content: "e\r\n[    0.000000]   Centaur CentaurHauls\r\n[    0.000000] x86/fpu: Supporting XSAVE feature 0x001: 'x87 floating point registers'\r\n[    0.000000] x86/fpu: Supporting XSAVE feature 0x002: 'SSE registers"
  - delay: 148
    content: "'\r\n[    0.000000] x86/fpu: Supporting XSAVE feature 0x004: 'AVX registers'\r\n[    0.000000] x86/fpu: Supporting XSAVE feature 0x008: 'MPX bounds registers'\r\n[    0.000000] x86/fpu: Supporting XSAVE feature 0x010: 'MPX CSR'\r\n[    0.000000] x86/fpu: Supporting XSAVE feature 0x020: 'AVX-512 opmask'\r\n[    0.000000] x86/fpu: Supporting XSAVE feature 0x040: 'AVX-512 Hi256'\r\n[    0.000000] x86/fpu: Supporting XSAVE feature 0x080: 'AVX-512 ZMM_Hi256'\r\n[    0.000000] x86/fpu: Supporting XSAVE feature 0x200: 'Protection Keys User registers'\r\n[    0.000000] x86/fpu: xstate_offset[2]:  576, xstate_sizes[2]:  256\r\n[    0.000000] x86/fpu: xstate_offset[3]:  832, xstate_sizes[3]:   64\r\n[    0.000000] x86/fpu: xstate_offset[4]:  896, xstate_sizes[4]:   64\r\n[    0.000000] x86/fpu: xstate_offset[5]:  960, xstate_sizes[5]:   64\r\n[    0.000000] x86/fpu: xstate_offset[6]: 1024, xstate_sizes[6]:  512\r\n[    0.000000] x86/fpu: xstate_offset[7]: 1536, xstate_sizes[7]: 1024\r\n[    0.000000] x86/fpu: xstate_offset[9]: 2560, xstate_sizes[9]:    8\r\n[    0.000000] x86/fpu: Enabled xstate features 0x2ff, context size is 2568 bytes, using 'compacted' format.\r\n[    0.000000] BIOS-provided physical RAM map:\r\n[    0.000000] BIOS-e820: [mem 0x0000000000000000-0x000000000009ffff] usable\r\n[    0.000000] BIOS-e820: [mem 0x00000000000a0000-0x00000000000fffff] reserved\r\n[    0.000000] BIOS-e820: [mem 0x0000000000100000-0x000000005ac24017] usable\r\n[    0.000000] BIOS-e820: [mem 0x000000005ac24018-0x000000005ac2a057] usable\r\n[    0.000000] BIOS-e820: [mem 0x000000005ac2a058-0x000000005ac2b017] usable\r\n[    0.000000] BIOS-e820: [mem 0x000000005ac2b018-0x000000005ac31057] usable\r\n[    0.000000] BIOS-e820: [mem 0x000000005ac31058-0x000000005ac32017] usable\r\n[    0.000000] BIOS-e820: [mem 0x000000005ac32018-0x00000000"
  - delay: 19
    content: "5ac41057] usable\r\n[    0.000000] BIOS-e820: [mem 0x000000005ac41058-0x000000005ac42017] usable\r\n[    0.000000] BIOS-e820: [mem 0x000000005ac42018-0x000000005ac51057] usable\r\n[    0.000000] BIOS-e820: "
  - delay: 122
    content: "[mem 0x000000005ac51058-0x000000005ac52017] usable\r\n[    0.000000] BIOS-e820: [mem 0x000000005ac52018-0x000000005ac61057] usable\r\n[    0.000000] BIOS-e820: [mem 0x000000005ac61058-0x000000005ac62017] usable\r\n[    0.000000] BIOS-e820: [mem 0x000000005ac62018-0x000000005ac71057] usable\r\n[    0.000000] BIOS-e820: [mem 0x000000005ac71058-0x000000005ac72017] usable\r\n[    0.000000] BIOS-e820: [mem 0x000000005ac72018-0x000000005aca6257] usable\r\n[    0.000000] BIOS-e820: [mem 0x000000005aca6258-0x000000005aca7017] usable\r\n[    0.000000] BIOS-e820: [mem 0x000000005aca7018-0x000000005acdb257] usable\r\n[    0.000000] BIOS-e820: [mem 0x000000005acdb258-0x000000005acdc017] usable\r\n[    0.000000] BIOS-e820: [mem 0x000000005acdc018-0x000000005ace4057] usable\r\n[    0.000000] BIOS-e820: [mem 0x000000005ace4058-0x000000005ed9efff] usable\r\n[    0.000000] BIOS-e820: [mem 0x000000005ed9f000-0x000000005f122fff] ACPI NVS\r\n[    0.000000] BIOS-e820: [mem 0x000000005f123000-0x00000000699a9fff] usable\r\n[    0.000000] BIOS-e820: [mem 0x00000000699aa000-0x000000006baa9fff] reserved\r\n[    0.000000] BIOS-e820: [mem 0x000000006baaa000-0x000000006bed1fff] usable\r\n[    0.000000] BIOS-e820: [mem 0x000000006bed2000-0x000000006ce85fff] ACPI NVS\r\n[    0.000000] BIOS-e820: [mem 0x000000006ce86000-0x000000006f2d3fff] reserved\r\n[    0.000000] BIOS-e820: [mem 0x000000006f2d4000-0x000000006f7fffff] usable\r\n[    0.000000]"
  - delay: 12
    content: " BIOS-e820: [mem 0x000000006f800000-0x000000008fffffff] reserved\r\n[    0.000000] BIOS-e820: [mem 0x00000000fd000000-0x00000000fe7fffff] reserved\r\n[    0.000000] BIOS-e820: [mem 0x00000000fed20000-0x00"
  - delay: 31
    content: "000000fed44fff] reserved\r\n[    0.000000] BIOS-e820: [mem 0x00000000ff000000-0x00000000ffffffff] reserved\r\n[    0.000000] BIOS-e820: [mem 0x0000000100000000-0x000000183fffffff] usable\r\n[    0.000000] N"
  - delay: 5
    content: "X (Execute Disable) protection: active\r\n[    0.000000] extended physical RAM map:\r\n[    0.000000] reserve setup_data: [mem 0x0000000000000000-0x000000000009825f] usable\r\n[    0.000000] reserve setup_d"
  - delay: 16
    content: "ata: [mem 0x0000000000098260-0x00000000000982cf] usable\r\n[    0.000000] reserve setup_data: [mem 0x00000000000982d0-0x000000000009ffff] usable\r\n[    0.000000] reserve setup_data: [mem 0x00000000000a00"
  - delay: 131
    content: "00-0x00000000000fffff] reserved\r\n[    0.000000] reserve setup_data: [mem 0x0000000000100000-0x000000005ac24017] usable\r\n[    0.000000] reserve setup_data: [mem 0x000000005ac24018-0x000000005ac2a057] usable\r\n[    0.000000] reserve setup_data: [mem 0x000000005ac2a058-0x000000005ac2b017] usable\r\n[    0.000000] reserve setup_data: [mem 0x000000005ac2b018-0x000000005ac31057] usable\r\n[    0.000000] reserve setup_data: [mem 0x000000005ac31058-0x000000005ac32017] usable\r\n[    0.000000] reserve setup_data: [mem 0x000000005ac32018-0x000000005ac41057] usable\r\n[    0.000000] reserve setup_data: [mem 0x000000005ac41058-0x000000005ac42017] usable\r\n[    0.000000] reserve setup_data: [mem 0x000000005ac42018-0x000000005ac51057] usable\r\n[    0.000000] reserve setup_data: [mem 0x000000005ac51058-0x000000005ac52017] usable\r\n[    0.000000] reserve setup_data: [mem 0x000000005ac52018-0x000000005ac61057] usable\r\n[    0.000000] reserve setup_data: [mem 0x000000005ac61058-0x000000005ac62017] usable\r\n[    0.000000] reserve setup_data: [mem 0x000000005ac62018-0x000000005ac71057] usable\r\n[    0.000000] reserve setup_data: [mem 0x000000005ac71058-0x000000005ac72017] usable\r\n[    0.000000] reserve setup_data: [mem 0x000000005ac72018-0x000000005aca6257] usable\r\n[    0.000000] reserve setup_data: [mem 0x000000005aca6258-0x000000005aca7017] usable\r\n[    0.000000] reserve setup_data: [mem 0x000000005aca7018-0x000000005acdb257] usable\r\n[    0.000000] reserve setup_data: [mem 0x000000005acdb258-0x000000005acdc017] usable\r\n[    0.000000] reserve setup_data: [mem 0x000000005acdc018-0x000000005ace4057] usable\r\n["
  - delay: 21
    content: "    0.000000] reserve setup_data: [mem 0x000000005ace4058-0x000000005ed9efff] usable\r\n[    0.000000] reserve setup_data: [mem 0x000000005ed9f000-0x000000005f122fff] ACPI NVS\r\n[    0.000000] reserve se"
  - delay: 20
    content: "tup_data: [mem 0x000000005f123000-0x00000000699a9fff] usable\r\n[    0.000000] reserve setup_data: [mem 0x00000000699aa000-0x000000006baa9fff] reserved\r\n[    0.000000] reserve setup_data: [mem 0x0000000"
  - delay: 13
    content: "06baaa000-0x000000006bed1fff] usable\r\n[    0.000000] reserve setup_data: [mem 0x000000006bed2000-0x000000006ce85fff] ACPI NVS\r\n[    0.000000] reserve setup_data: [mem 0x000000006ce86000-0x000000006f2d"
  - delay: 18
    content: "3fff] reserved\r\n[    0.000000] reserve setup_data: [mem 0x000000006f2d4000-0x000000006f7fffff] usable\r\n[    0.000000] reserve setup_data: [mem 0x000000006f800000-0x000000008fffffff] reserved\r\n[    0.0"
  - delay: 127
    content: "00000] reserve setup_data: [mem 0x00000000fd000000-0x00000000fe7fffff] reserved\r\n[    0.000000] reserve setup_data: [mem 0x00000000fed20000-0x00000000fed44fff] reserved\r\n[    0.000000] reserve setup_data: [mem 0x00000000ff000000-0x00000000ffffffff] reserved\r\n[    0.000000] reserve setup_data: [mem 0x0000000100000000-0x000000183fffffff] usable\r\n[    0.000000] efi: EFI v2.70 by American Megatrends\r\n[    0.000000] efi:  ACPI 2.0=0x5ed9f000  ACPI=0x5ed9f000  SMBIOS=0x6eba4000  SMBIOS 3.0=0x6eba3000  MEMATTR=0x66987018  ESRT=0x66990418 \r\n[    0.000000] secureboot: Secure boot could not be determined (mode 0)\r\n[    0.000000] SMBIOS 3.2.1 present.\r\n[    0.000000] DMI: Supermicro SYS-2029BT-HNTR/X11DPT-B, BIOS 3.0a 02/20/2019\r\n[    0.000000] tsc: Detected 2100.000 MHz processor\r\n[    0.000042] last_pfn = 0x1840000 max_arch_pfn = 0x400000000\r\n[    0.002314] x86/PAT: Configuration [0-7]: WB  WC  UC- UC  WB  WP  UC- WT  \r\n[    0.002904] total RAM covered: 97264M\r\n[    0.003179] Found optimal setting for mtrr clean up\r\n[    0.003180]  gran_size: 64K \tchunk_size: 32M \tnum_reg: 8  \tlose cover RAM: 0G\r\n[    0.005452] last_pfn = 0x6f800 max_arch_pfn = 0x400000000\r\n[    0.015731] esrt: Reserving ESRT space from 0x0000000066990418 to 0x0000000066990450.\r\n[    0.015744] check: Scanning 1 areas for low memory corruption\r\n[    0.015748] Using GB pages for direct mapping\r\n[    0.016909] RAMDISK: [me"
  - delay: 8
    content: "m 0x56363000-0x589fffff]\r\n[    0.016918] ACPI: Early table checksum verification disabled\r\n[    0.016922] ACPI: RSDP 0x000000005ED9F000 000024 (v02 SUPERM)\r\n[    0.016926] ACPI: XSDT 0x000000005ED9F0C"
  - delay: 29
    content: "0 000104 (v01 SUPERM SUPERM   01072009 AMI  00010013)\r\n[    0.016933] ACPI: FACP 0x000000005F043A80 000114 (v06 SUPERM SMCI--MB 01072009 INTL 20091013)\r\n[    0.016939] ACPI: DSDT 0x000000005ED9F260 2A"
  - delay: 7
    content: "481A (v02 SUPERM SMCI--MB 01072009 INTL 20091013)\r\n[    0.016942] ACPI: FACS 0x000000006CE43080 000040\r\n[    0.016945] ACPI: FPDT 0x000000005F043B98 000044 (v01                 01072009 AMI  00010013)"
  - delay: 16
    content: "\r\n[    0.016948] ACPI: FIDT 0x000000005F043BE0 00009C (v01 SUPERM SMCI--MB 01072009 AMI  00010013)\r\n[    0.016951] ACPI: SPMI 0x000000005F043C80 000041 (v05 SUPERM SMCI--MB 00000000 AMI. 00000000)\r\n[ "
  - delay: 19
    content: "   0.016955] ACPI: UEFI 0x000000005F043CC8 00005C (v01 INTEL  RstUefiV 00000000      00000000)\r\n[    0.016958] ACPI: SSDT 0x000000005F043D28 00046C (v02 INTEL  ADDRXLAT 00000001 INTL 20140828)\r\n[    0"
  - delay: 124
    content: ".016961] ACPI: MCFG 0x000000005F044198 00003C (v01 SUPERM SMCI--MB 01072009 MSFT 00000097)\r\n[    0.016964] ACPI: HPET 0x000000005F0441D8 000038 (v01 SUPERM SMCI--MB 00000001 INTL 20091013)\r\n[    0.016967] ACPI: APIC 0x000000005F044210 0016DE (v03 SUPERM SMCI--MB 00000000 INTL 20091013)\r\n[    0.016970] ACPI: MIGT 0x000000005F0458F0 000040 (v01 SUPERM SMCI--MB 00000000 INTL 20091013)\r\n[    0.016973] ACPI: MSCT 0x000000005F045930 000090 (v01 SUPERM SMCI--MB 00000001 INTL 20091013)\r\n[    0.016976] ACPI: PCAT 0x000000005F0459C0 000088 (v02 SUPERM SMCI--MB 00000002 INTL 20091013)\r\n[    0.016979] ACPI: PCCT 0x000000005F045A48 00006E (v01 SUPERM SMCI--MB 00000002 INTL 20091013)\r\n[    0.016982] ACPI: RASF 0x000000005F045AB8 000030 (v01 SUPERM SMCI--MB 00000001 INTL 20091013)\r\n[    0.016985] ACPI: SLIT 0x000000005F045AE8 00042C (v01 SUPERM SMCI--MB 00000001 INTL 20091013)\r\n[    0.016988] ACPI: SRAT 0x000000005F045F18 002D30 (v03 SUPERM SMCI--MB 00000002 INTL 20091013)\r\n[    0.016991] ACPI: SVOS 0x000000005F048C48 000032 (v01 SUPERM SMCI--MB 00000000 INTL 20091013)\r\n[    0.016994] ACPI: WDDT 0x000000005F048C80 000040 (v01 SUPERM SMCI--MB 00000000 INTL 20091013)\r\n[    0.016997] ACPI: OEM4 0x000000005F048CC0 0A27C4 (v02 INTEL  CPU  CST 00003000 INTL 20140828)\r\n[    0.017001] ACPI: SSDT 0x000000005F0EB488 033990 (v02 INTEL  SSDT  PM 00004000 INTL 20140828)\r\n[    0.017004] ACPI: SSDT 0x000000"
  - delay: 12
    content: "005F11EE18 00065B (v02 SUPERM SMCI--MB 00000000 INTL 20091013)\r\n[    0.017007] ACPI: SSDT 0x000000005F11F478 002B10 (v02 INTEL  SpsNm    00000002 INTL 20140828)\r\n[    0.017010] ACPI: DMAR 0x000000005F"
  - delay: 19
    content: "121F88 000270 (v01 SUPERM SMCI--MB 00000001 INTL 20091013)\r\n[    0.017013] ACPI: HEST 0x000000005F1221F8 0000A8 (v01 SUPERM SMCI--MB 00000001 INTL 00000001)\r\n[    0.017016] ACPI: BERT 0x000000005F1222"
  - delay: 16
    content: "A0 000030 (v01 SUPERM SMCI--MB 00000001 INTL 00000001)\r\n[    0.017019] ACPI: ERST 0x000000005F1222D0 000230 (v01 SUPERM SMCI--MB 00000001 INTL 00000001)\r\n[    0.017022] ACPI: EINJ 0x000000005F122500 0"
  - delay: 16
    content: "00150 (v01 SUPERM SMCI--MB 00000001 INTL 00000001)\r\n[    0.017025] ACPI: WSMT 0x000000005F122650 000028 (v01 Fo              01072009 AMI  00010013)\r\n[    0.017088] SRAT: PXM 0 -> APIC 0x00 -> Node 0\r"
  - delay: 17
    content: "\n[    0.017089] SRAT: PXM 0 -> APIC 0x02 -> Node 0\r\n[    0.017090] SRAT: PXM 0 -> APIC 0x04 -> Node 0\r\n[    0.017091] SRAT: PXM 0 -> APIC 0x06 -> Node 0\r\n[    0.017092] SRAT: PXM 0 -> APIC 0x08 -> Nod"
  - delay: 120
    content: "e 0\r\n[    0.017093] SRAT: PXM 0 -> APIC 0x0a -> Node 0\r\n[    0.017094] SRAT: PXM 0 -> APIC 0x0c -> Node 0\r\n[    0.017094] SRAT: PXM 0 -> APIC 0x0e -> Node 0\r\n[    0.017096] SRAT: PXM 1 -> APIC 0x10 -> Node 1\r\n[    0.017096] SRAT: PXM 1 -> APIC 0x12 -> Node 1\r\n[    0.017097] SRAT: PXM 1 -> APIC 0x14 -> Node 1\r\n[    0.017098] SRAT: PXM 1 -> APIC 0x16 -> Node 1\r\n[    0.017099] SRAT: PXM 1 -> APIC 0x18 -> Node 1\r\n[    0.017100] SRAT: PXM 1 -> APIC 0x1a -> Node 1\r\n[    0.017101] SRAT: PXM 1 -> APIC 0x1c -> Node 1\r\n[    0.017102] SRAT: PXM 1 -> APIC 0x1e -> Node 1\r\n[    0.017103] SRAT: PXM 0 -> APIC 0x01 -> Node 0\r\n[    0.017103] SRAT: PXM 0 -> APIC 0x03 -> Node 0\r\n[    0.017104] SRAT: PXM 0 -> APIC 0x05 -> Node 0\r\n[    0.017105] SRAT: PXM 0 -> APIC 0x07 -> Node 0\r\n[    0.017106] SRAT: PXM 0 -> APIC 0x09 -> Node 0\r\n[    0.017107] SRAT: PXM 0 -> APIC 0x0b -> Node 0\r\n[    0.017108] SRAT: PXM 0 -> APIC 0x0d -> Node 0\r\n[    0.017109] SRAT: PXM 0 -> APIC 0x0f -> Node 0\r\n[    0.017109] SRAT: PXM 1 -> APIC 0x11 -> Node 1\r\n[    0.017110] SRAT: PXM 1 -> APIC 0x13 -> Node 1\r\n[    0.017111] SRAT: PXM 1 -> APIC 0x15 -> Node 1\r\n[    0.017112] SRAT: PXM 1 -> APIC 0x17 -> Node 1\r\n[    0.017113] SRAT: PXM 1 -> APIC 0x19 -> Node 1\r\n[    0.017114] SRAT: PXM 1 -> APIC 0x1b -> Node 1\r\n[    0.017115] SRAT: PXM 1 -> APIC 0x1d -> Node 1\r\n[    0.017116] SRAT: PXM 1 -> APIC 0x1f -> Node 1\r\n[    0.017132] ACP"
  - delay: 16
    content: "I: SRAT: Node 0 PXM 0 [mem 0x00000000-0x7fffffff]\r\n[    0.017134] ACPI: SRAT: Node 0 PXM 0 [mem 0x100000000-0xc3fffffff]\r\n[    0.017135] ACPI: SRAT: Node 1 PXM 1 [mem 0xc40000000-0x183fffffff]\r\n[    0"
  - delay: 18
    content: ".017146] NUMA: Node 0 [mem 0x00000000-0x7fffffff] + [mem 0x100000000-0xc3fffffff] -> [mem 0x00000000-0xc3fffffff]\r\n[    0.017157] NODE_DATA(0) allocated [mem 0xc3ffd5000-0xc3fffffff]\r\n[    0.017185] N"
  - delay: 17
    content: "ODE_DATA(1) allocated [mem 0x183ffd2000-0x183fffcfff]\r\n[    0.017472] Zone ranges:\r\n[    0.017473]   DMA      [mem 0x0000000000001000-0x0000000000ffffff]\r\n[    0.017475]   DMA32    [mem 0x000000000100"
  - delay: 17
    content: "0000-0x00000000ffffffff]\r\n[    0.017476]   Normal   [mem 0x0000000100000000-0x000000183fffffff]\r\n[    0.017477]   Device   empty\r\n[    0.017479] Movable zone start for each node\r\n[    0.017483] Early "
  - delay: 134
    content: "memory node ranges\r\n[    0.017484]   node   0: [mem 0x0000000000001000-0x000000000009ffff]\r\n[    0.017485]   node   0: [mem 0x0000000000100000-0x000000005ed9efff]\r\n[    0.017486]   node   0: [mem 0x000000005f123000-0x00000000699a9fff]\r\n[    0.017487]   node   0: [mem 0x000000006baaa000-0x000000006bed1fff]\r\n[    0.017488]   node   0: [mem 0x000000006f2d4000-0x000000006f7fffff]\r\n[    0.017489]   node   0: [mem 0x0000000100000000-0x0000000c3fffffff]\r\n[    0.017490]   node   1: [mem 0x0000000c40000000-0x000000183fffffff]\r\n[    0.017925] Zeroed struct page in unavailable ranges: 24807 pages\r\n[    0.017926] Initmem setup node 0 [mem 0x0000000000001000-0x0000000c3fffffff]\r\n[    0.334156] Initmem setup node 1 [mem 0x0000000c40000000-0x000000183fffffff]\r\n[    0.666962] ACPI: PM-Timer IO Port: 0x508\r\n[    0.666985] ACPI: X2APIC_NMI (uid[0xffffffff] high level lint[0x1])\r\n[    0.666988] ACPI: LAPIC_NMI (acpi_id[0xff] dfl edge lint[0x1])\r\n[    0.667009] IOAPIC[0]: apic_id 8, version 32, address 0xfec00000, GSI 0-23\r\n[    0.667013] IOAPIC[1]: apic_id 9, version 32, address 0xfec01000, GSI 24-31\r\n[    0.667018] IOAPIC[2]: apic_id 10, version 32, address 0xfec08000, GSI 32-39\r\n[    0.667022] IOAPIC[3]: apic_id 11, version 32, address 0xfec10000, GSI 40-47\r\n[    0.667026] IOAPIC[4]: apic_id 12, version 32, address 0xfec18000, GSI 48-55\r\n[    0.667031] IOAPIC[5]: apic_id 15, version 32, address"
  - delay: 5
    content: " 0xfec20000, GSI 72-79\r\n[    0.667036] IOAPIC[6]: apic_id 16, version 32, address 0xfec28000, GSI 80-87\r\n[    0.667041] IOAPIC[7]: apic_id 17, version 32, address 0xfec30000, GSI 88-95\r\n[    0.667046]"
  - delay: 15
    content: " IOAPIC[8]: apic_id 18, version 32, address 0xfec38000, GSI 96-103\r\n[    0.667051] ACPI: INT_SRC_OVR (bus 0 bus_irq 0 global_irq 2 dfl dfl)\r\n[    0.667053] ACPI: INT_SRC_OVR (bus 0 bus_irq 9 global_ir"
  - delay: 19
    content: "q 9 high level)\r\n[    0.667062] Using ACPI (MADT) for SMP configuration information\r\n[    0.667064] ACPI: HPET id: 0x8086a701 base: 0xfed00000\r\n[    0.667068] smpboot: Allowing 32 CPUs, 0 hotplug CPUs"
  - delay: 15
    content: "\r\n[    0.667105] PM: Registered nosave memory: [mem 0x00000000-0x00000fff]\r\n[    0.667108] PM: Registered nosave memory: [mem 0x00098000-0x00098fff]\r\n[    0.667110] PM: Registered nosave memory: [mem "
  - delay: 18
    content: "0x00098000-0x00098fff]\r\n[    0.667112] PM: Registered nosave memory: [mem 0x000a0000-0x000fffff]\r\n[    0.667114] PM: Registered nosave memory: [mem 0x5ac24000-0x5ac24fff]\r\n[    0.667116] PM: Registere"
  - delay: 128
    content: "d nosave memory: [mem 0x5ac2a000-0x5ac2afff]\r\n[    0.667117] PM: Registered nosave memory: [mem 0x5ac2b000-0x5ac2bfff]\r\n[    0.667119] PM: Registered nosave memory: [mem 0x5ac31000-0x5ac31fff]\r\n[    0.667120] PM: Registered nosave memory: [mem 0x5ac32000-0x5ac32fff]\r\n[    0.667122] PM: Registered nosave memory: [mem 0x5ac41000-0x5ac41fff]\r\n[    0.667123] PM: Registered nosave memory: [mem 0x5ac42000-0x5ac42fff]\r\n[    0.667125] PM: Registered nosave memory: [mem 0x5ac51000-0x5ac51fff]\r\n[    0.667126] PM: Registered nosave memory: [mem 0x5ac52000-0x5ac52fff]\r\n[    0.667128] PM: Registered nosave memory: [mem 0x5ac61000-0x5ac61fff]\r\n[    0.667129] PM: Registered nosave memory: [mem 0x5ac62000-0x5ac62fff]\r\n[    0.667131] PM: Registered nosave memory: [mem 0x5ac71000-0x5ac71fff]\r\n[    0.667132] PM: Registered nosave memory: [mem 0x5ac72000-0x5ac72fff]\r\n[    0.667134] PM: Registered nosave memory: [mem 0x5aca6000-0x5aca6fff]\r\n[    0.667135] PM: Registered nosave memory: [mem 0x5aca7000-0x5aca7fff]\r\n[    0.667137] PM: Registered nosave memory: [mem 0x5acdb000-0x5acdbfff]\r\n[    0.667138] PM: Registered nosave memory: [mem 0x5acdc000-0x5acdcfff]\r\n[    0.667140] PM: Registered nosave memory: [mem 0x5ace4000-0x5ace4fff]\r\n[    0.667143] PM: Registered nosave memory: [mem 0x5ed9f000-0x5f122fff]\r\n[    0.667145] PM: Registered nosave memory: [mem 0x699aa000-0x6baa9fff]\r\n[    0.667148] PM: Reg"
  - delay: 5
    content: "istered nosave memory: [mem 0x6bed2000-0x6ce85fff]\r\n[    0.667149] PM: Registered nosave memory: [mem 0x6ce86000-0x6f2d3fff]\r\n[    0.667151] PM: Registered nosave memory: [mem 0x6f800000-0x8fffffff]\r\n"
  - delay: 30
    content: "[    0.667152] PM: Registered nosave memory: [mem 0x90000000-0xfcffffff]\r\n[    0.667153] PM: Registered nosave memory: [mem 0xfd000000-0xfe7fffff]\r\n[    0.667154] PM: Registered nosave memory: [mem 0x"
  - delay: 5
    content: "fe800000-0xfed1ffff]\r\n[    0.667154] PM: Registered nosave memory: [mem 0xfed20000-0xfed44fff]\r\n[    0.667155] PM: Registered nosave memory: [mem 0xfed45000-0xfeffffff]\r\n[    0.667156] PM: Registered "
  - delay: 18
    content: "nosave memory: [mem 0xff000000-0xffffffff]\r\n[    0.667158] [mem 0x90000000-0xfcffffff] available for PCI devices\r\n[    0.667160] Booting paravirtualized kernel on bare hardware\r\n[    0.667163] clockso"
  - delay: 17
    content: "urce: refined-jiffies: mask: 0xffffffff max_cycles: 0xffffffff, max_idle_ns: 7645519600211568 ns\r\n[    0.667175] random: get_random_bytes called from start_kernel+0x97/0x516 with crng_init=0\r\n[    0.6"
  - delay: 126
    content: "67184] setup_percpu: NR_CPUS:8192 nr_cpumask_bits:32 nr_cpu_ids:32 nr_node_ids:2\r\n[    0.669224] percpu: Embedded 46 pages/cpu s151552 r8192 d28672 u262144\r\n[    0.669283] Built 2 zonelists, mobility grouping on.  Total pages: 24425600\r\n[    0.669284] Policy zone: Normal\r\n[    0.669286] Kernel command line: console=ttyS1,115200n8 root=UUID=85974557-9beb-4400-a6a9-c1d65f301160 init=/bin/systemd net.ifnames=0 biosdevname=0 acpi_rsdp=0x5ed9f000\r\n[    0.945148] Memory: 97555808K/99253348K available (14339K kernel code, 2335K rwdata, 4304K rodata, 2576K init, 5204K bss, 1697540K reserved, 0K cma-reserved)\r\n[    0.945696] SLUB: HWalign=64, Order=0-3, MinObjects=0, CPUs=32, Nodes=2\r\n[    0.945706] Kernel/User page tables isolation: enabled\r\n[    0.945733] ftrace: allocating 41580 entries in 163 pages\r\n[    0.964921] rcu: Hierarchical RCU implementation.\r\n[    0.964923] rcu: \tRCU restricting CPUs from NR_CPUS=8192 to nr_cpu_ids=32.\r\n[    0.964925] \tTasks RCU enabled.\r\n[    0.964926] rcu: RCU calculated value of scheduler-enlistment delay is 25 jiffies.\r\n[    0.964927] rcu: Adjusting geometry for rcu_fanout_leaf=16, nr_cpu_ids=32\r\n[    0.968256] NR_IRQS: 524544, nr_irqs: 2040, preallocated irqs: 16\r\n[    0.968614] Console: colour dummy device 80x25\r\n[    2.747576] printk: console [ttyS1] enabled\r\n[    2.751829] mempolicy: Enabling automatic NUMA balancing. Configure with numa_balancing="
  - delay: 13
    content: " or the kernel.numa_balancing sysctl\r\n[    2.763049] ACPI: Core revision 20181213\r\n[    2.770098] clocksource: hpet: mask: 0xffffffff max_cycles: 0xffffffff, max_idle_ns: 79635855245 ns\r\n[    2.779183"
  - delay: 20
    content: "] APIC: Switch to symmetric I/O mode setup\r\n[    2.784162] DMAR: Host address width 46\r\n[    2.788011] DMAR: DRHD base: 0x000000d37fc000 flags: 0x0\r\n[    2.793334] DMAR: dmar0: reg_base_addr d37fc000 "
  - delay: 15
    content: "ver 1:0 cap 8d2078c106f0466 ecap f020df\r\n[    2.801338] DMAR: DRHD base: 0x000000e0ffc000 flags: 0x0\r\n[    2.806664] DMAR: dmar1: reg_base_addr e0ffc000 ver 1:0 cap 8d2078c106f0466 ecap f020df\r\n[    2"
  - delay: 17
    content: ".814679] DMAR: DRHD base: 0x000000ee7fc000 flags: 0x0\r\n[    2.820002] DMAR: dmar2: reg_base_addr ee7fc000 ver 1:0 cap 8d2078c106f0466 ecap f020df\r\n[    2.828006] DMAR: DRHD base: 0x000000fbffc000 flag"
  - delay: 18
    content: "s: 0x0\r\n[    2.833331] DMAR: dmar3: reg_base_addr fbffc000 ver 1:0 cap 8d2078c106f0466 ecap f020df\r\n[    2.841334] DMAR: DRHD base: 0x000000aaffc000 flags: 0x0\r\n[    2.846660] DMAR: dmar4: reg_base_ad"
  - delay: 119
    content: "dr aaffc000 ver 1:0 cap 8d2078c106f0466 ecap f020df\r\n[    2.854667] DMAR: DRHD base: 0x000000b87fc000 flags: 0x0\r\n[    2.859988] DMAR: dmar5: reg_base_addr b87fc000 ver 1:0 cap 8d2078c106f0466 ecap f020df\r\n[    2.867995] DMAR: DRHD base: 0x000000c5ffc000 flags: 0x0\r\n[    2.873321] DMAR: dmar6: reg_base_addr c5ffc000 ver 1:0 cap 8d2078c106f0466 ecap f020df\r\n[    2.881331] DMAR: DRHD base: 0x0000009d7fc000 flags: 0x1\r\n[    2.886662] DMAR: dmar7: reg_base_addr 9d7fc000 ver 1:0 cap 8d2078c106f0466 ecap f020df\r\n[    2.894673] DMAR: RMRR base: 0x0000006ebe0000 end: 0x0000006ebf0fff\r\n[    2.900947] DMAR: ATSR flags: 0x0\r\n[    2.904273] DMAR: ATSR flags: 0x0\r\n[    2.907601] DMAR: RHSA base: 0x0000009d7fc000 proximity domain: 0x0\r\n[    2.913877] DMAR: RHSA base: 0x000000aaffc000 proximity domain: 0x0\r\n[    2.920152] DMAR: RHSA base: 0x000000b87fc000 proximity domain: 0x0\r\n[    2.926426] DMAR: RHSA base: 0x000000c5ffc000 proximity domain: 0x0\r\n[    2.932703] DMAR: RHSA base: 0x000000d37fc000 proximity domain: 0x1\r\n[    2.938975] DMAR: RHSA base: 0x000000e0ffc000 proximity domain: 0x1\r\n[    2.945250] DMAR: RHSA base: 0x000000ee7fc000 proximity domain: 0x1\r\n[    2.951525] DMAR: RHSA base: 0x000000fbffc000 proximity domain: 0x1\r\n[    2.957799] DMAR-IR: IOAPIC id 12 under DRHD base  0xc5ffc000 IOMMU 6\r\n[    2.964249] DMAR-IR: IOAPIC id 11 under DRHD base  0xb87fc000 IOMMU 5\r\n[    2.970697] D"
  - delay: 17
    content: "MAR-IR: IOAPIC id 10 under DRHD base  0xaaffc000 IOMMU 4\r\n[    2.977144] DMAR-IR: IOAPIC id 18 under DRHD base  0xfbffc000 IOMMU 3\r\n[    2.983592] DMAR-IR: IOAPIC id 17 under DRHD base  0xee7fc000 IOM"
  - delay: 18
    content: "MU 2\r\n[    2.990040] DMAR-IR: IOAPIC id 16 under DRHD base  0xe0ffc000 IOMMU 1\r\n[    2.996487] DMAR-IR: IOAPIC id 15 under DRHD base  0xd37fc000 IOMMU 0\r\n[    3.002938] DMAR-IR: IOAPIC id 8 under DRHD"
  - delay: 17
    content: " base  0x9d7fc000 IOMMU 7\r\n[    3.009299] DMAR-IR: IOAPIC id 9 under DRHD base  0x9d7fc000 IOMMU 7\r\n[    3.015661] DMAR-IR: HPET id 0 under DRHD base 0x9d7fc000\r\n[    3.021067] DMAR-IR: Queued invalid"
  - delay: 20
    content: "ation will be enabled to support x2apic and Intr-remapping.\r\n[    3.031641] DMAR-IR: Enabled IRQ remapping in x2apic mode\r\n[    3.037037] x2apic enabled\r\n[    3.039774] Switched APIC routing to cluste"
  - delay: 130
    content: "r x2apic.\r\n[    3.045837] ..TIMER: vector=0x30 apic1=0 pin1=2 apic2=-1 pin2=-1\r\n[    3.071164] clocksource: tsc-early: mask: 0xffffffffffffffff max_cycles: 0x1e4530a99b6, max_idle_ns: 440795257976 ns\r\n[    3.081681] Calibrating delay loop (skipped), value calculated using timer frequency.. 4200.00 BogoMIPS (lpj=8400000)\r\n[    3.085672] pid_max: default: 32768 minimum: 301\r\n[    3.090727] LSM: Security Framework initializing\r\n[    3.093694] Yama: becoming mindful.\r\n[    3.097726] AppArmor: AppArmor initialized\r\n[    3.115618] Dentry cache hash table entries: 8388608 (order: 14, 67108864 bytes)\r\n[    3.124422] Inode-cache hash table entries: 4194304 (order: 13, 33554432 bytes)\r\n[    3.125889] Mount-cache hash table entries: 131072 (order: 8, 1048576 bytes)\r\n[    3.129843] Mountpoint-cache hash table entries: 131072 (order: 8, 1048576 bytes)\r\n[    3.134141] mce: CPU0: Thermal monitoring enabled (TM1)\r\n[    3.137705] process: using mwait in idle threads\r\n[    3.141674] Last level iTLB entr"
  - delay: 10
    content: "ies: 4KB 64, 2MB 8, 4MB 8\r\n[    3.145672] Last level dTLB entries: 4KB 64, 2MB 0, 4MB 0, 1GB 4\r\n[    3.149672] Spectre V1 : Mitigation: usercopy/swapgs barriers and __user pointer sanitization\r\n[    3"
  - delay: 18
    content: ".153673] Spectre V2 : Mitigation: Full generic retpoline\r\n[    3.157672] Spectre V2 : Spectre v2 / SpectreRSB mitigation: Filling RSB on context switch\r\n[    3.161672] Spectre V2 : Enabling Restricted"
  - delay: 16
    content: " Speculation for firmware calls\r\n[    3.165678] Spectre V2 : mitigation: Enabling conditional Indirect Branch Prediction Barrier\r\n[    3.169672] Spectre V2 : User space: Mitigation: STIBP via seccomp "
  - delay: 19
    content: "and prctl\r\n[    3.173672] Speculative Store Bypass: Mitigation: Speculative Store Bypass disabled via prctl and seccomp\r\n[    3.177699] MDS: Mitigation: Clear CPU buffers\r\n[    3.181963] Freeing SMP a"
  - delay: 19
    content: "lternatives memory: 36K\r\n[    3.190289] smpboot: CPU0: Intel(R) Xeon(R) Silver 4110 CPU @ 2.10GHz (family: 0x6, model: 0x55, stepping: 0x4)\r\n[    3.193858] Performance Events: PEBS fmt3+, Skylake even"
  - delay: 120
    content: "ts, 32-deep LBR, full-width counters, Intel PMU driver.\r\n[    3.197676] ... version:                4\r\n[    3.201672] ... bit width:              48\r\n[    3.205672] ... generic registers:      4\r\n[    3.209672] ... value mask:             0000ffffffffffff\r\n[    3.213672] ... max period:             00007fffffffffff\r\n[    3.217672] ... fixed-purpose events:   3\r\n[    3.221672] ... event mask:             000000070000000f\r\n[    3.225741] rcu: Hierarchical SRCU implementation.\r\n[    3.230899] random: crng done (trusting CPU's manufacturer)\r\n[    3.236873] NMI watchdog: Enabled. Permanently consum"
  - delay: 37
    content: "es one hw-PMU counter.\r\n[    3.238129] smp: Bringing up secondary CPUs ...\r\n[    3.241802] x86: Booting SMP configuration:\r\n[    3.245674] .... node  #0, CPUs:        #1  #2  #3  #4  #5  #6  #7\r\n"
  - delay: 166
    content: "[    3.281674] .... node  #1, CPUs:    #8  #9 #10 #11 #12 #13 #14 #15\r\n[    3.413673] .... node  #0, CPUs:   #16\r\n[    3.414958] MDS CPU bug present and SMT on, data leak possible. See https://www.kernel.org/doc/html/latest/admin-guide/hw-vuln/mds.html for more details.\r\n[    3.421813]  #17 #18 #19 #20 #21 #22 #23\r\n[    3.433673] .... node  #1, CPUs:   #24 #25 #26 #27 #28 #29 #30 #31\r\n[    3.442909] smp: Brought up 2 nodes, 32 CPUs\r\n[    3.4496"
  - delay: 81
    content: "73] smpboot: Max logical packages: 2\r\n[    3.453673] smpboot: Total of 32 processors activated (134430.48 BogoMIPS)\r\n"
  - delay: 123
    content: "[    3.464967] devtmpfs: initialized\r\n[    3.465745] x86/mm: Memory block size: 1024MB\r\n[    3.473720] PM: Registering ACPI NVS region [mem 0x5ed9f000-0x5f122fff] (3686400 bytes)\r\n[    3.481732] PM: Registering ACPI NVS region [mem 0x6bed2000-0x6ce85fff] (16465920 bytes)\r\n[    3.490049] clocksource: jiffies: mask: 0xffffffff max_cycles: 0xffffffff, max_idle_ns: 7645041785100000 ns\r\n[    3.497716] futex hash table entries: 8192 (order: 7, 524288 bytes)\r\n[    3.505961] pinctrl core: initialized pinctrl subsystem\r\n[    3.509804] RTC time: 12:45:15, date: 2019-09-21\r\n[    3.513915] NET: Registered protocol family 16\r\n[    3.517807] audit: initializing netlink subsys (disabled)\r\n[    3.525692] audit: type=2000 audit(1569069912.644:1): state=initialized audit_enabled=0 res=1\r\n[    3.525792] EISA bus registered\r\n[    3.532830] cpuidle: using governor ladder\r\n[    3.533707] cpuidle: using governor menu\r\n[    3.537677] Detected 1 PCC Subspaces\r\n[    3.541264] Registering PCC driver as Mailbox controller\r\n[    3.549707] ACPI FADT declares the system doesn't support PCIe ASPM, so disable it\r\n[    3.553673] ACPI: bus type PCI registered\r\n[    3.561673] acpiphp: ACPI Hot Plug PCI Controller Driver version: 0.5\r\n[    3.565765] PCI: MMCONFIG for domain 0000 [bus 00-ff] at [mem 0x80000000-0x8fffffff] (base 0x80000000)\r\n[    3.573675] PCI: MMCONFIG at [mem 0x80000000-0x8fffffff] reserved in E82"
  - delay: 20
    content: "0\r\n[    3.581687] PCI: Using configuration type 1 for base access\r\n[    3.591820] HugeTLB registered 1.00 GiB page size, pre-allocated 0 pages\r\n[    3.597676] HugeTLB registered 2.00 MiB page size, pr"
  - delay: 18
    content: "e-allocated 0 pages\r\n[    3.605854] ACPI: Added _OSI(Module Device)\r\n[    3.609675] ACPI: Added _OSI(Processor Device)\r\n[    3.613677] ACPI: Added _OSI(3.0 _SCP Extensions)\r\n[    3.617672] ACPI: Added"
  - delay: 18
    content: " _OSI(Processor Aggregator Device)\r\n[    3.621673] ACPI: Added _OSI(Linux-Dell-Video)\r\n[    3.625672] ACPI: Added _OSI(Linux-Lenovo-NV-HDMI-Audio)\r\n[    3.633672] ACPI: Added _OSI(Linux-HPI-Hybrid-Gra"
  - delay: 141
    content: "phics)\r\n"
  - delay: 56
    content: "[    3.791166] ACPI: 5 ACPI AML tables successfully acquired and loaded\r\n[    3.811676] ACPI: [Firmware Bug]: BIOS _OSI(Linux) query ignored\r\n"
  - delay: 148
    content: "[    3.828497] ACPI: Dynamic OEM Table Load:\r\n"
  - delay: 205
    content: "[    4.078300] ACPI: Interpreter enabled\r\n[    4.081698] ACPI: (supports S0 S4 S5)\r\n[    4.085362] ACPI: Using IOAPIC for interrupt routing\r\n[    4.089777] HEST: Table parsing has been initialized.\r\n["
  - delay: 11
    content: "    4.097678] PCI: Using host bridge windows from ACPI; if necessary, use \"pci=nocrs\" and report a bug\r\n[    4.107325] ACPI: Enabled 6 GPEs in block 00 to 7F\r\n[    4.187414] ACPI: PCI Root Bridge [PC0"
  - delay: 16
    content: "0] (domain 0000 [bus 00-16])\r\n[    4.193678] acpi PNP0A08:00: _OSC: OS supports [ExtendedConfig ASPM ClockPM Segments MSI]\r\n[    4.201892] acpi PNP0A08:00: _OSC: platform does not support [SHPCHotplug"
  - delay: 20
    content: " AER LTR]\r\n[    4.209877] acpi PNP0A08:00: _OSC: OS now controls [PCIeHotplug PME PCIeCapability]\r\n[    4.217673] acpi PNP0A08:00: FADT indicates ASPM is unsupported, using BIOS configuration\r\n[    4."
  - delay: 17
    content: "226457] PCI host bridge to bus 0000:00\r\n[    4.229674] pci_bus 0000:00: root bus resource [io  0x0000-0x03af window]\r\n[    4.233673] pci_bus 0000:00: root bus resource [io  0x03e0-0x0cf7 window]\r\n[   "
  - delay: 16
    content: " 4.241673] pci_bus 0000:00: root bus resource [io  0x03b0-0x03bb window]\r\n[    4.249673] pci_bus 0000:00: root bus resource [io  0x03c0-0x03df window]\r\n[    4.257673] pci_bus 0000:00: root bus resourc"
  - delay: 125
    content: "e [io  0x1000-0x3fff window]\r\n[    4.261673] pci_bus 0000:00: root bus resource [mem 0x000a0000-0x000bffff window]\r\n[    4.269673] pci_bus 0000:00: root bus resource [mem 0x000c4000-0x000c7fff window]\r\n[    4.277673] pci_bus 0000:00: root bus resource [mem 0xfe010000-0xfe010fff window]\r\n[    4.285673] pci_bus 0000:00: root bus resource [mem 0x90000000-0x9d7fffff window]\r\n[    4.293673] pci_bus 0000:00: root bus resource [mem 0x380000000000-0x383fffffffff window]\r\n[    4.301674] pci_bus 0000:00: root bus resource [bus 00-16]\r\n[    4.312673] pci 0000:00:1c.0: PCI bridge to [bus 01]\r\n[    4.317966] pci 0000:00:1c.5: PCI bridge to [bus 02-03]\r\n[    4.325717] pci_bus 0000:03: extended config space not accessible\r\n[    4.329806] pci 0000:03:00.0: BAR 0: assigned to efifb\r\n[    4.333812] pci 0000:02:00.0: PCI bridge to [bus 03]\r\n[    4.342843] ACPI: PCI Root Bridge [PC01] (domain 0000 [bus 17-39])\r\n[    4.349676] acpi PNP0A08:01: _OSC: OS supports [ExtendedConfig ASPM ClockPM Segments MSI]\r\n[    4.358358] acpi PNP0A08:01: _OSC: platform does not support [SHPCHotplug AER LTR]\r\n[    4.366113] acpi PNP0A08:01: _OSC: OS now controls [PCIeHotplug PME PCIeCapability]\r\n[    4.373673] acpi PNP0A0"
  - delay: 5
    content: "8:01: FADT indicates ASPM is unsupported, using BIOS configuration\r\n[    4.381959] PCI host bridge to bus 0000:17\r\n[    4.385674] pci_bus 0000:17: root bus resource [io  0x4000-0x5fff window]\r\n[    4."
  - delay: 16
    content: "389673] pci_bus 0000:17: root bus resource [mem 0x9d800000-0xaaffffff window]\r\n[    4.397673] pci_bus 0000:17: root bus resource [mem 0x384000000000-0x387fffffffff window]\r\n[    4.405673] pci_bus 0000"
  - delay: 21
    content: ":17: root bus resource [bus 17-39]\r\n[    4.416819] pci 0000:18:00.0: VF(n) BAR0 space: [mem 0x00000000-0x003fffff 64bit pref] (contains BAR0 for 64 VFs)\r\n[    4.425685] pci 0000:18:00.0: VF(n) BAR3 sp"
  - delay: 17
    content: "ace: [mem 0x00000000-0x000fffff 64bit pref] (contains BAR3 for 64 VFs)\r\n[    4.437972] pci 0000:18:00.1: VF(n) BAR0 space: [mem 0x00000000-0x003fffff 64bit pref] (contains BAR0 for 64 VFs)\r\n[    4.445"
  - delay: 18
    content: "685] pci 0000:18:00.1: VF(n) BAR3 space: [mem 0x00000000-0x000fffff 64bit pref] (contains BAR3 for 64 VFs)\r\n[    4.457854] pci 0000:17:00.0: PCI bridge to [bus 18]\r\n[    4.461841] ACPI: PCI Root Bridg"
  - delay: 123
    content: "e [PC02] (domain 0000 [bus 3a-5c])\r\n[    4.469676] acpi PNP0A08:02: _OSC: OS supports [ExtendedConfig ASPM ClockPM Segments MSI]\r\n[    4.478316] acpi PNP0A08:02: _OSC: platform does not support [SHPCHotplug AER LTR]\r\n[    4.486065] acpi PNP0A08:02: _OSC: OS now controls [PCIeHotplug PME PCIeCapability]\r\n[    4.493673] acpi PNP0A08:02: FADT indicates ASPM is unsupported, using BIOS configuration\r\n[    4.501916] PCI host bridge to bus 0000:3a\r\n[    4.505674] pci_bus 0000:3a: root bus resource [io  0x6000-0x7fff window]\r\n[    4.513673] pci_bus 0000:3a: root bus resource [mem 0xab000000-0xb87fffff window]\r\n[    4.521673] pci_bus 0000:3a: root bus resource [mem 0x388000000000-0x38bfffffffff window]\r\n[    4.529673] pci_bus 0000:3a: root bus resource [bus 3a-5c]\r\n[    4.536481] pci 0000:3b:00.0: VF(n) BAR0 space: [mem 0x00000000-0x0001ffff 64bit pref] (contains BAR0 for 8 VFs)\r\n[    4.545687] pci 0000:3b:00.0: VF(n) BAR3 space: [mem 0x00000000-0x0001ffff 64bit pref] (contains BAR3 for 8 VFs)\r\n[    4.557913] pci 0000:3b:00.1: VF(n) BAR0 space: [mem 0x00000000-0x0001ffff 64bit pref] (contains BAR0 for 8 VFs)\r\n[    4.565688] pci 0000:3b:00.1: VF(n) BAR3 space: [mem 0x00000000-0x0001ffff 64bit pref] (contains BAR3 for 8 VFs)\r\n[    4.577900] pci 0000:3b:00.2: VF(n) BAR0 space: [mem 0x00000000-0x0001ffff 64bit pref] (contains BAR0 for 8 VFs)\r\n[    4.585686] pci 0000:3b:00.2: VF(n) BAR3 spac"
  - delay: 17
    content: "e: [mem 0x00000000-0x0001ffff 64bit pref] (contains BAR3 for 8 VFs)\r\n[    4.597898] pci 0000:3b:00.3: VF(n) BAR0 space: [mem 0x00000000-0x0001ffff 64bit pref] (contains BAR0 for 8 VFs)\r\n[    4.609687]"
  - delay: 19
    content: " pci 0000:3b:00.3: VF(n) BAR3 space: [mem 0x00000000-0x0001ffff 64bit pref] (contains BAR3 for 8 VFs)\r\n[    4.617770] pci 0000:3a:00.0: PCI bridge to [bus 3b]\r\n[    4.621814] ACPI: PCI Root Bridge [PC"
  - delay: 14
    content: "03] (domain 0000 [bus 5d-7f])\r\n[    4.629675] acpi PNP0A08:03: _OSC: OS supports [ExtendedConfig ASPM ClockPM Segments MSI]\r\n[    4.638331] acpi PNP0A08:03: _OSC: platform does not support [SHPCHotplu"
  - delay: 20
    content: "g AER LTR]\r\n[    4.646064] acpi PNP0A08:03: _OSC: OS now controls [PCIeHotplug PME PCIeCapability]\r\n[    4.653673] acpi PNP0A08:03: FADT indicates ASPM is unsupported, using BIOS configuration\r\n[    4"
  - delay: 137
    content: ".661941] PCI host bridge to bus 0000:5d\r\n[    4.665674] pci_bus 0000:5d: root bus resource [io  0x8000-0x9fff window]\r\n[    4.673673] pci_bus 0000:5d: root bus resource [mem 0xb8800000-0xc5ffffff window]\r\n[    4.681673] pci_bus 0000:5d: root bus resource [mem 0x38c000000000-0x38ffffffffff window]\r\n[    4.689673] pci_bus 0000:5d: root bus resource [bus 5d-7f]\r\n[    4.694990] ACPI: PCI Root Bridge [PC06] (domain 0000 [bus 80-84])\r\n[    4.701675] acpi PNP0A08:06: _OSC: OS supports [ExtendedConfig ASPM ClockPM Segments MSI]\r\n[    4.710063] acpi PNP0A08:06: _OSC: platform does not support [SHPCHotplug AER LTR]\r\n[    4.717965] acpi PNP0A08:06: _OSC: OS now controls [PCIeHotplug PME PCIeCapability]\r\n[    4.725673] acpi PNP0A08:06: FADT indicates ASPM is unsupported, using BIOS configuration\r\n[    4.733891] PCI host bridge to bus 0000:80\r\n[    4.737674] pci_bus 0000:80: root bus resource [io  0xa000-0xbfff window]\r\n[    4.745673] pci_bus 0000:80: root bus resource [mem 0xc6000000-0xd37fffff window]\r\n[    4.753673] pci_bus 0000:80: root bus resource [mem 0x390000000000-0x393fffffffff window]\r\n[    4.761673] pci_bus 0000:80: root bus resource [bus 80-84]\r\n[    4.767302] ACPI: PCI Root Bridge [PC07] (domain 0000 [bus 85-ad])\r\n[    4.773675] acpi PNP0A08:07: _OSC: OS supports [ExtendedConfig ASPM ClockPM Segments MSI]\r\n[    4.782323] acpi PNP0A08:07: _OSC: platform does not support [SHPCHotplug AER LTR]\r\n[    4.790066] acpi PNP0A08:07: _OSC: OS now controls [PCIeHotplug PME PCIeCapability]\r\n[    4.797673] acpi PNP0A08:07: FADT indicates ASPM is unsupported, using BIOS configuration\r\n[ "
  - delay: 16
    content: "   4.806008] PCI host bridge to bus 0000:85\r\n[    4.809674] pci_bus 0000:85: root bus resource [io  0xc000-0xdfff window]\r\n[    4.817673] pci_bus 0000:85: root bus resource [mem 0xd3800000-0xe0ffffff "
  - delay: 32
    content: "window]\r\n[    4.825674] pci_bus 0000:85: root bus resource [mem 0x394000000000-0x397fffffffff window]\r\n[    4.833673] pci_bus 0000:85: root bus resource [bus 85-ad]\r\n[    4.840649] ACPI: PCI Root Brid"
  - delay: 7
    content: "ge [PC08] (domain 0000 [bus ae-d6])\r\n[    4.849676] acpi PNP0A08:08: _OSC: OS supports [ExtendedConfig ASPM ClockPM Segments MSI]\r\n[    4.858314] acpi PNP0A08:08: _OSC: platform does not support [SHPC"
  - delay: 21
    content: "Hotplug AER LTR]\r\n[    4.866070] acpi PNP0A08:08: _OSC: OS now controls [PCIeHotplug PME PCIeCapability]\r\n[    4.873673] acpi PNP0A08:08: FADT indicates ASPM is unsupported, using BIOS configuration\r\n"
  - delay: 13
    content: "[    4.881962] PCI host bridge to bus 0000:ae\r\n[    4.885673] pci_bus 0000:ae: root bus resource [io  0xe000-0xefff window]\r\n[    4.893673] pci_bus 0000:ae: root bus resource [mem 0xe1000000-0xee7ffff"
  - delay: 21
    content: "f window]\r\n[    4.897673] pci_bus 0000:ae: root bus resource [mem 0x398000000000-0x39bfffffffff window]\r\n[    4.909673] pci_bus 0000:ae: root bus resource [bus ae-d6]\r\n[    4.916368] ACPI: PCI Root Br"
  - delay: 16
    content: "idge [PC09] (domain 0000 [bus d7-ff])\r\n[    4.921675] acpi PNP0A08:09: _OSC: OS supports [ExtendedConfig ASPM ClockPM Segments MSI]\r\n[    4.930326] acpi PNP0A08:09: _OSC: platform does not support [SH"
  - delay: 19
    content: "PCHotplug AER LTR]\r\n[    4.938072] acpi PNP0A08:09: _OSC: OS now controls [PCIeHotplug PME PCIeCapability]\r\n[    4.945673] acpi PNP0A08:09: FADT indicates ASPM is unsupported, using BIOS configuration"
  - delay: 18
    content: "\r\n[    4.953933] PCI host bridge to bus 0000:d7\r\n[    4.957673] pci_bus 0000:d7: root bus resource [io  0xf000-0xffff window]\r\n[    4.965673] pci_bus 0000:d7: root bus resource [mem 0xee800000-0xfbfff"
  - delay: 18
    content: "fff window]\r\n[    4.973673] pci_bus 0000:d7: root bus resource [mem 0x39c000000000-0x39ffffffffff window]\r\n[    4.981673] pci_bus 0000:d7: root bus resource [bus d7-ff]\r\n[    4.987710] pci 0000:d7:00."
  - delay: 18
    content: "0: PCI bridge to [bus d8]\r\n[    4.993902] pci 0000:d7:01.0: PCI bridge to [bus d9]\r\n[    4.997721] pci 0000:d7:02.0: PCI bridge to [bus da]\r\n[    5.005721] pci 0000:d7:03.0: PCI bridge to [bus db]\r\n[ "
  - delay: 17
    content: "   5.010352] ACPI: PCI Interrupt Link [LNKA] (IRQs 3 4 5 6 7 10 *11 12 14 15), disabled.\r\n[    5.017747] ACPI: PCI Interrupt Link [LNKB] (IRQs 3 4 5 6 7 *10 11 12 14 15), disabled.\r\n[    5.025745] ACP"
  - delay: 19
    content: "I: PCI Interrupt Link [LNKC] (IRQs 3 4 5 6 10 *11 12 14 15), disabled.\r\n[    5.033746] ACPI: PCI Interrupt Link [LNKD] (IRQs 3 4 5 6 10 *11 12 14 15), disabled.\r\n[    5.041746] ACPI: PCI Interrupt Lin"
  - delay: 18
    content: "k [LNKE] (IRQs 3 4 5 6 7 10 *11 12 14 15), disabled.\r\n[    5.049745] ACPI: PCI Interrupt Link [LNKF] (IRQs 3 4 5 6 7 10 *11 12 14 15), disabled.\r\n[    5.057745] ACPI: PCI Interrupt Link [LNKG] (IRQs 3"
  - delay: 17
    content: " 4 5 6 7 10 *11 12 14 15), disabled.\r\n[    5.065746] ACPI: PCI Interrupt Link [LNKH] (IRQs 3 4 5 6 7 10 *11 12 14 15), disabled.\r\n[    5.074268] SCSI subsystem initialized\r\n[    5.077727] pci 0000:03:"
  - delay: 17
    content: "00.0: vgaarb: setting as boot VGA device\r\n[    5.081671] pci 0000:03:00.0: vgaarb: VGA device added: decodes=io+mem,owns=io+mem,locks=none\r\n[    5.093733] pci 0000:03:00.0: vgaarb: bridge control poss"
  - delay: 17
    content: "ible\r\n[    5.097672] vgaarb: loaded\r\n[    5.100401] ACPI: bus type USB registered\r\n[    5.105687] usbcore: registered new interface driver usbfs\r\n[    5.109680] usbcore: registered new interface drive"
  - delay: 16
    content: "r hub\r\n[    5.117757] usbcore: registered new device driver usb\r\n[    5.121704] pps_core: LinuxPPS API ver. 1 registered\r\n[    5.125672] pps_core: Software ver. 5.3.6 - Copyright 2005-2007 Rodolfo Gio"
  - delay: 48
    content: "metti <giometti@linux.it>\r\n[    5.137674] PTP clock support registered\r\n[    5.141733] EDAC MC: Ver: 3.0.0\r\n[    5.145166] Registered efivars operations\r\n[    5.178081] PCI: Using ACPI for IRQ routing"
  - delay: 20
    content: "\r\n[    5.185978] NetLabel: Initializing\r\n[    5.189379] NetLabel:  domain hash size = 128\r\n[    5.193672] NetLabel:  protocols = UNLABELED CIPSOv4 CALIPSO\r\n[    5.197690] NetLabel:  unlabeled traffic "
  - delay: 20
    content: "allowed by default\r\n[    5.206349] hpet0: at MMIO 0xfed00000, IRQs 2, 8, 0, 0, 0, 0, 0, 0\r\n[    5.209674] hpet0: 8 comparators, 64-bit 24.000000 MHz counter\r\n[    5.219801] clocksource: Switched to cl"
  - delay: 33
    content: "ocksource tsc-early\r\n[    5.237787] VFS: Disk quotas dquot_6.6.0\r\n[    5.241742] VFS: Dquot-cache hash table entries: 512 (order 0, 4096 bytes)\r\n[    5.248798] AppArmor: AppArmor Filesystem Enabled\r\n["
  - delay: 18
    content: "    5.253526] pnp: PnP ACPI init\r\n[    5.257534] system 00:01: [io  0x0500-0x05fe] has been reserved\r\n[    5.263460] system 00:01: [io  0x0400-0x047f] has been reserved\r\n[    5.269376] system 00:01: ["
  - delay: 18
    content: "io  0x0600-0x061f] has been reserved\r\n[    5.275296] system 00:01: [io  0x0880-0x0883] has been reserved\r\n[    5.281215] system 00:01: [io  0x0800-0x081f] could not be reserved\r\n[    5.287482] system "
  - delay: 17
    content: "00:01: [mem 0xfed1c000-0xfed3ffff] could not be reserved\r\n[    5.294438] system 00:01: [mem 0xfed45000-0xfed8bfff] has been reserved\r\n[    5.301054] system 00:01: [mem 0xff000000-0xffffffff] has been "
  - delay: 17
    content: "reserved\r\n[    5.307665] system 00:01: [mem 0xfee00000-0xfeefffff] has been reserved\r\n[    5.314277] system 00:01: [mem 0xfed12000-0xfed1200f] has been reserved\r\n[    5.320889] system 00:01: [mem 0xfe"
  - delay: 18
    content: "d12010-0xfed1201f] has been reserved\r\n[    5.327504] system 00:01: [mem 0xfed1b000-0xfed1bfff] has been reserved\r\n[    5.334664] system 00:02: [io  0x0a00-0x0a0f] has been reserved\r\n[    5.340583] sys"
  - delay: 20
    content: "tem 00:02: [io  0x0a10-0x0a1f] has been reserved\r\n[    5.346500] system 00:02: [io  0x0a20-0x0a2f] has been reserved\r\n[    5.352421] system 00:02: [io  0x0a30-0x0a3f] has been reserved\r\n[    5.358340]"
  - delay: 17
    content: " system 00:02: [io  0x0a40-0x0a4f] has been reserved\r\n[    5.365336] system 00:05: [mem 0xfd000000-0xfdabffff] has been reserved\r\n[    5.371948] system 00:05: [mem 0xfdad0000-0xfdadffff] has been rese"
  - delay: 17
    content: "rved\r\n[    5.378557] system 00:05: [mem 0xfdb00000-0xfdffffff] has been reserved\r\n[    5.385173] system 00:05: [mem 0xfe000000-0xfe00ffff] has been reserved\r\n[    5.391784] system 00:05: [mem 0xfe0110"
  - delay: 19
    content: "00-0xfe01ffff] has been reserved\r\n[    5.398397] system 00:05: [mem 0xfe036000-0xfe03bfff] has been reserved\r\n[    5.405011] system 00:05: [mem 0xfe03d000-0xfe3fffff] has been reserved\r\n[    5.411623]"
  - delay: 22
    content: " system 00:05: [mem 0xfe410000-0xfe7fffff] has been reserved\r\n[    5.418622] system 00:06: [io  0x0f00-0x0ffe] has been reserved\r\n[    5.425923] pnp: PnP ACPI: found 7 devices\r\n[    5.435903] clocksou"
  - delay: 18
    content: "rce: acpi_pm: mask: 0xffffff max_cycles: 0xffffff, max_idle_ns: 2085701024 ns\r\n[    5.444809] pci 0000:00:1c.0: PCI bridge to [bus 01]\r\n[    5.449775] pci 0000:00:1c.0:   bridge window [io  0x1000-0x1"
  - delay: 17
    content: "fff]\r\n[    5.455868] pci 0000:00:1c.0:   bridge window [mem 0x90000000-0x901fffff]\r\n[    5.462653] pci 0000:00:1c.0:   bridge window [mem 0x380000000000-0x3800001fffff 64bit pref]\r\n[    5.471089] pci "
  - delay: 18
    content: "0000:02:00.0: PCI bridge to [bus 03]\r\n[    5.476052] pci 0000:02:00.0:   bridge window [io  0x3000-0x3fff]\r\n[    5.482148] pci 0000:02:00.0:   bridge window [mem 0x9c000000-0x9d0fffff]\r\n[    5.488937]"
  - delay: 16
    content: " pci 0000:00:1c.5: PCI bridge to [bus 02-03]\r\n[    5.494166] pci 0000:00:1c.5:   bridge window [io  0x3000-0x3fff]\r\n[    5.500258] pci 0000:00:1c.5:   bridge window [mem 0x9c000000-0x9d0fffff]\r\n[    5"
  - delay: 17
    content: ".507213] pci 0000:18:00.0: BAR 7: no space for [mem size 0x00400000 64bit pref]\r\n[    5.514775] pci 0000:18:00.0: BAR 7: failed to assign [mem size 0x00400000 64bit pref]\r\n[    5.522690] pci 0000:18:0"
  - delay: 17
    content: "0.1: BAR 7: no space for [mem size 0x00400000 64bit pref]\r\n[    5.530251] pci 0000:18:00.1: BAR 7: failed to assign [mem size 0x00400000 64bit pref]\r\n[    5.538165] pci 0000:18:00.0: BAR 10: no space "
  - delay: 21
    content: "for [mem size 0x00100000 64bit pref]\r\n[    5.545818] pci 0000:18:00.0: BAR 10: failed to assign [mem size 0x00100000 64bit pref]\r\n[    5.553821] pci 0000:18:00.1: BAR 10: no space for [mem size 0x0010"
  - delay: 14
    content: "0000 64bit pref]\r\n[    5.561472] pci 0000:18:00.1: BAR 10: failed to assign [mem size 0x00100000 64bit pref]\r\n[    5.569471] pci 0000:17:00.0: PCI bridge to [bus 18]\r\n[    5.574439] pci 0000:17:00.0: "
  - delay: 17
    content: "  bridge window [mem 0xaae00000-0xaaefffff]\r\n[    5.581222] pci 0000:17:00.0:   bridge window [mem 0xa8000000-0xaa0fffff 64bit pref]\r\n[    5.588969] pci 0000:17:00.0: PCI bridge to [bus 18]\r\n[    5.59"
  - delay: 20
    content: "3948] pci 0000:17:00.0: BAR 15: assigned [mem 0x384000000000-0x384002ffffff 64bit pref]\r\n[    5.602469] pci 0000:18:00.0: BAR 0: assigned [mem 0x384000000000-0x384000ffffff 64bit pref]\r\n[    5.610902]"
  - delay: 17
    content: " pci 0000:18:00.1: BAR 0: assigned [mem 0x384001000000-0x384001ffffff 64bit pref]\r\n[    5.619334] pci 0000:18:00.0: BAR 7: assigned [mem 0x384002000000-0x3840023fffff 64bit pref]\r\n[    5.627765] pci 0"
  - delay: 16
    content: "000:18:00.1: BAR 7: assigned [mem 0x384002400000-0x3840027fffff 64bit pref]\r\n[    5.636198] pci 0000:18:00.0: BAR 3: assigned [mem 0x384002800000-0x384002807fff 64bit pref]\r\n[    5.644633] pci 0000:18"
  - delay: 17
    content: ":00.1: BAR 3: assigned [mem 0x384002808000-0x38400280ffff 64bit pref]\r\n[    5.653065] pci 0000:18:00.0: BAR 10: assigned [mem 0x384002810000-0x38400290ffff 64bit pref]\r\n[    5.661583] pci 0000:18:00.1"
  - delay: 17
    content: ": BAR 10: assigned [mem 0x384002910000-0x384002a0ffff 64bit pref]\r\n[    5.670103] pci 0000:17:00.0: PCI bridge to [bus 18]\r\n[    5.675068] pci 0000:17:00.0:   bridge window [mem 0xaae00000-0xaaefffff]"
  - delay: 17
    content: "\r\n[    5.681852] pci 0000:17:00.0:   bridge window [mem 0x384000000000-0x384002ffffff 64bit pref]\r\n[    5.690330] pci 0000:3a:00.0: BAR 15: assigned [mem 0x388000000000-0x3880000fffff 64bit pref]\r\n[  "
  - delay: 17
    content: "  5.698857] pci 0000:3b:00.0: BAR 7: assigned [mem 0x388000000000-0x38800001ffff 64bit pref]\r\n[    5.707292] pci 0000:3b:00.0: BAR 10: assigned [mem 0x388000020000-0x38800003ffff 64bit pref]\r\n[    5.7"
  - delay: 18
    content: "15812] pci 0000:3b:00.1: BAR 7: assigned [mem 0x388000040000-0x38800005ffff 64bit pref]\r\n[    5.724243] pci 0000:3b:00.1: BAR 10: assigned [mem 0x388000060000-0x38800007ffff 64bit pref]\r\n[    5.732763"
  - delay: 17
    content: "] pci 0000:3b:00.2: BAR 7: assigned [mem 0x388000080000-0x38800009ffff 64bit pref]\r\n[    5.741194] pci 0000:3b:00.2: BAR 10: assigned [mem 0x3880000a0000-0x3880000bffff 64bit pref]\r\n[    5.749715] pci"
  - delay: 17
    content: " 0000:3b:00.3: BAR 7: assigned [mem 0x3880000c0000-0x3880000dffff 64bit pref]\r\n[    5.758148] pci 0000:3b:00.3: BAR 10: assigned [mem 0x3880000e0000-0x3880000fffff 64bit pref]\r\n[    5.766665] pci 0000"
  - delay: 17
    content: ":3a:00.0: PCI bridge to [bus 3b]\r\n[    5.771632] pci 0000:3a:00.0:   bridge window [io  0x7000-0x7fff]\r\n[    5.777725] pci 0000:3a:00.0:   bridge window [mem 0xb8000000-0xb86fffff]\r\n[    5.784510] pci"
  - delay: 18
    content: " 0000:3a:00.0:   bridge window [mem 0x388000000000-0x3880000fffff 64bit pref]\r\n[    5.793092] pci 0000:d7:00.0: BAR 13: no space for [io  size 0x1000]\r\n[    5.799444] pci 0000:d7:00.0: BAR 13: failed "
  - delay: 18
    content: "to assign [io  size 0x1000]\r\n[    5.806144] pci 0000:d7:01.0: BAR 13: no space for [io  size 0x1000]\r\n[    5.812495] pci 0000:d7:01.0: BAR 13: failed to assign [io  size 0x1000]\r\n[    5.819193] pci 00"
  - delay: 17
    content: "00:d7:02.0: BAR 13: no space for [io  size 0x1000]\r\n[    5.825546] pci 0000:d7:02.0: BAR 13: failed to assign [io  size 0x1000]\r\n[    5.832248] pci 0000:d7:02.0: BAR 13: no space for [io  size 0x1000]"
  - delay: 17
    content: "\r\n[    5.838599] pci 0000:d7:02.0: BAR 13: failed to assign [io  size 0x1000]\r\n[    5.845297] pci 0000:d7:01.0: BAR 13: no space for [io  size 0x1000]\r\n[    5.851650] pci 0000:d7:01.0: BAR 13: failed "
  - delay: 18
    content: "to assign [io  size 0x1000]\r\n[    5.858349] pci 0000:d7:00.0: BAR 13: no space for [io  size 0x1000]\r\n[    5.864704] pci 0000:d7:00.0: BAR 13: failed to assign [io  size 0x1000]\r\n[    5.871402] pci 00"
  - delay: 17
    content: "00:d7:00.0: PCI bridge to [bus d8]\r\n[    5.876370] pci 0000:d7:00.0:   bridge window [mem 0xfbe00000-0xfbefffff]\r\n[    5.883156] pci 0000:d7:00.0:   bridge window [mem 0x39c000000000-0x39c0001fffff 64"
  - delay: 18
    content: "bit pref]\r\n[    5.891591] pci 0000:d7:01.0: PCI bridge to [bus d9]\r\n[    5.896556] pci 0000:d7:01.0:   bridge window [mem 0xfbd00000-0xfbdfffff]\r\n[    5.903342] pci 0000:d7:01.0:   bridge window [mem "
  - delay: 17
    content: "0x39c000200000-0x39c0003fffff 64bit pref]\r\n[    5.911774] pci 0000:d7:02.0: PCI bridge to [bus da]\r\n[    5.916739] pci 0000:d7:02.0:   bridge window [mem 0xee800000-0xee9fffff]\r\n[    5.923525] pci 000"
  - delay: 18
    content: "0:d7:02.0:   bridge window [mem 0x39c000400000-0x39c0005fffff 64bit pref]\r\n[    5.931961] pci 0000:d7:03.0: PCI bridge to [bus db]\r\n[    5.936922] pci 0000:d7:03.0:   bridge window [io  0xf000-0xffff]"
  - delay: 17
    content: "\r\n[    5.943018] pci 0000:d7:03.0:   bridge window [mem 0xeea00000-0xeebfffff]\r\n[    5.949803] pci 0000:d7:03.0:   bridge window [mem 0x39c000600000-0x39c0007fffff 64bit pref]\r\n[    5.958332] NET: Reg"
  - delay: 18
    content: "istered protocol family 2\r\n[    5.962963] tcp_listen_portaddr_hash hash table entries: 65536 (order: 8, 1048576 bytes)\r\n[    5.971329] TCP established hash table entries: 524288 (order: 10, 4194304 by"
  - delay: 19
    content: "tes)\r\n[    5.979438] TCP bind hash table entries: 65536 (order: 8, 1048576 bytes)\r\n[    5.986272] TCP: Hash tables configured (established 524288 bind 65536)\r\n[    5.993046] UDP hash table entries: 65"
  - delay: 18
    content: "536 (order: 9, 2097152 bytes)\r\n[    5.999669] UDP-Lite hash table entries: 65536 (order: 9, 2097152 bytes)\r\n[    6.006845] NET: Registered protocol family 1\r\n[    6.011213] NET: Registered protocol fa"
  - delay: 97
    content: "mily 44\r\n[    6.016016] pci 0000:03:00.0: Video device with shadowed ROM at [mem 0x000c0000-0x000dffff]\r\n[    6.024589] Unpacking initramfs...\r\n"
  - delay: 703
    content: "[    6.687375] Freeing initrd memory: 39540K\r\n[    6.705699] PCI-DMA: Using software bounce buffering for IO (SWIOTLB)\r\n[    6.712145] software IO TLB: mapped [mem 0x62987000-0x66987000] (64MB)\r\n[    6.720785] check: Scanning for low memory corruption every 60 seconds\r\n[    6.730013] Initialise system trusted keyrings\r\n[    6.734466] Key type blacklist registered\r\n[    6.738533] workingset: timestamp_bits=36 max_order=25 bucket_order=0\r\n[    6.746393] zbud: loaded\r\n[    6.749550] squashfs: version 4.0 (2009/01/31) Phillip Lougher\r\n[    6.755600] fuse init (API version 7.28)\r\n[    6.797131] Key type asymmetric registered\r\n[    6.801229] Asymmetric key parser 'x509' registered\r\n[    6.80"
  - delay: 6
    content: "6112] Block layer SCSI generic (bsg) driver version 0.4 loaded (major 243)\r\n[    6.813580] io scheduler mq-deadline registered\r\n[    6.818990] pcieport 0000:00:1c.0: Signaling PME with IRQ 24\r\n[    6."
  - delay: 17
    content: "824681] pciehp 0000:00:1c.0:pcie004: Slot #0 AttnBtn- PwrCtrl- MRL- AttnInd- PwrInd- HotPlug+ Surprise+ Interlock- NoCompl+ LLActRep+\r\n[    6.837267] pcieport 0000:00:1c.5: Signaling PME with IRQ 25\r\n"
  - delay: 17
    content: "[    6.843219] pcieport 0000:17:00.0: Signaling PME with IRQ 27\r\n[    6.849100] pcieport 0000:3a:00.0: Signaling PME with IRQ 29\r\n[    6.855150] pcieport 0000:d7:00.0: Signaling PME with IRQ 31\r\n[    "
  - delay: 16
    content: "6.860845] pciehp 0000:d7:00.0:pcie004: Slot #14 AttnBtn+ PwrCtrl+ MRL- AttnInd+ PwrInd+ HotPlug+ Surprise- Interlock- NoCompl- LLActRep+ (with Cmd Compl erratum)\r\n[    6.875717] pcieport 0000:d7:01.0:"
  - delay: 18
    content: " Signaling PME with IRQ 32\r\n[    6.881407] pciehp 0000:d7:01.0:pcie004: Slot #15 AttnBtn+ PwrCtrl+ MRL- AttnInd+ PwrInd+ HotPlug+ Surprise- Interlock- NoCompl- LLActRep+ (with Cmd Compl erratum)\r\n[   "
  - delay: 17
    content: " 6.896257] pcieport 0000:d7:02.0: Signaling PME with IRQ 33\r\n[    6.901938] pciehp 0000:d7:02.0:pcie004: Slot #16 AttnBtn+ PwrCtrl+ MRL- AttnInd+ PwrInd+ HotPlug+ Surprise- Interlock- NoCompl- LLActRe"
  - delay: 19
    content: "p+ (with Cmd Compl erratum)\r\n[    6.916766] pcieport 0000:d7:03.0: Signaling PME with IRQ 34\r\n[    6.922445] pciehp 0000:d7:03.0:pcie004: Slot #17 AttnBtn+ PwrCtrl+ MRL- AttnInd+ PwrInd+ HotPlug+ Surp"
  - delay: 19
    content: "rise- Interlock- NoCompl- LLActRep+ (with Cmd Compl erratum)\r\n[    6.937185] shpchp: Standard Hot Plug PCI Controller Driver version: 0.4\r\n[    6.943999] efifb: probing for efifb\r\n[    6.947601] efifb"
  - delay: 16
